<html>
<body>
<pre>
<h1>µVision Build Log</h1>
<h2>Tool Versions:</h2>
IDE-Version: ¦ÌVision V5.32.0.0
Copyright (C) 2020 ARM Ltd and ARM Germany GmbH. All rights reserved.
License Information: efe ly61, HP Inc., LIC=----
 
Tool Versions:
Toolchain:       MDK-Lite  Version: 5.32.0.0
Toolchain Path:  C:\Keil_v5\ARM\ARMCC\Bin
C Compiler:      Armcc.exe V5.06 update 7 (build 960)
Assembler:       Armasm.exe V5.06 update 7 (build 960)
Linker/Locator:  ArmLink.exe V5.06 update 7 (build 960)
Library Manager: ArmAr.exe V5.06 update 7 (build 960)
Hex Converter:   FromElf.exe V5.06 update 7 (build 960)
CPU DLL:         SARMCM3.DLL V5.32.0.0
Dialog DLL:      DCM.DLL V1.17.3.0
Target DLL:      CMSIS_AGDI.dll V1.32.12.0
Dialog DLL:      TCM.DLL V1.46.0.0
 
<h2>Project:</h2>
D:\robomaster\RCagain\MDK-ARM\RCagain.uvprojx
Project File Date:  11/01/2023

<h2>Output:</h2>
*** Using Compiler 'V5.06 update 7 (build 960)', folder: 'C:\Keil_v5\ARM\ARMCC\Bin'
Build target 'RCagain'
compiling main.c...
../MDK-ARM/motor.h(36): warning:  #1-D: last line of file ends without a newline
  #endif
../MDK-ARM/bsp_can.h(10): warning:  #1295-D: Deprecated declaration Can2_Init - give arg types
  void Can2_Init();
../MDK-ARM/bsp_can.h(11): warning:  #1295-D: Deprecated declaration Can1_Init - give arg types
  void Can1_Init();
../MDK-ARM/bsp_can.h(12): warning:  #1295-D: Deprecated declaration can_filter_init - give arg types
  void can_filter_init();
../MDK-ARM/chassis.h(34): warning:  #1-D: last line of file ends without a newline
  #endif
../Core/Src/main.c(120): warning:  #223-D: function "chassis_init" declared implicitly
  	 chassis_init();
../Core/Src/main.c(121): warning:  #223-D: function "Motor_init" declared implicitly
  	 Motor_init();
../Core/Src/main.c(136): warning:  #223-D: function "Chassis_control" declared implicitly
  		Chassis_control();	
../Core/Src/main.c(137): warning:  #223-D: function "Gimbal_Control" declared implicitly
  		Gimbal_Control();
../Core/Src/main.c: 9 warnings, 0 errors
linking...
Program Size: Code=13232 RO-data=456 RW-data=20 ZI-data=3260  
FromELF: creating hex file...
"RCagain\RCagain.axf" - 0 Error(s), 9 Warning(s).

<h2>Software Packages used:</h2>

Package Vendor: ARM
                http://www.keil.com/pack/ARM.CMSIS.5.7.0.pack
                ARM.CMSIS.5.7.0
                CMSIS (Cortex Microcontroller Software Interface Standard)
   * Component: CORE Version: 5.4.0

Package Vendor: Keil
                http://www.keil.com/pack/Keil.STM32F4xx_DFP.2.15.0.pack
                Keil.STM32F4xx_DFP.2.15.0
                STMicroelectronics STM32F4 Series Device Support, Drivers and Examples

<h2>Collection of Component include folders:</h2>
  .\RTE\_RCagain
  C:\Users\ly61\AppData\Local\Arm\Packs\ARM\CMSIS\5.7.0\CMSIS\Core\Include
  C:\Users\ly61\AppData\Local\Arm\Packs\Keil\STM32F4xx_DFP\2.15.0\Drivers\CMSIS\Device\ST\STM32F4xx\Include

<h2>Collection of Component Files used:</h2>

   * Component: ARM::CMSIS:CORE:5.4.0
      Include file:  CMSIS\Core\Include\tz_context.h
Build Time Elapsed:  00:00:02
</pre>
</body>
</html>
