Component: ARM Compiler 5.06 update 7 (build 960) Tool: armlink [4d3601]

==============================================================================

Section Cross References

    startup_stm32f407xx.o(STACK) refers (Special) to heapauxi.o(.text) for __use_two_region_memory
    startup_stm32f407xx.o(HEAP) refers (Special) to heapauxi.o(.text) for __use_two_region_memory
    startup_stm32f407xx.o(RESET) refers (Special) to heapauxi.o(.text) for __use_two_region_memory
    startup_stm32f407xx.o(RESET) refers to startup_stm32f407xx.o(STACK) for __initial_sp
    startup_stm32f407xx.o(RESET) refers to startup_stm32f407xx.o(.text) for Reset_Handler
    startup_stm32f407xx.o(RESET) refers to stm32f4xx_it.o(i.NMI_Handler) for NMI_Handler
    startup_stm32f407xx.o(RESET) refers to stm32f4xx_it.o(i.HardFault_Handler) for HardFault_Handler
    startup_stm32f407xx.o(RESET) refers to stm32f4xx_it.o(i.MemManage_Handler) for MemManage_Handler
    startup_stm32f407xx.o(RESET) refers to stm32f4xx_it.o(i.BusFault_Handler) for BusFault_Handler
    startup_stm32f407xx.o(RESET) refers to stm32f4xx_it.o(i.UsageFault_Handler) for UsageFault_Handler
    startup_stm32f407xx.o(RESET) refers to stm32f4xx_it.o(i.SVC_Handler) for SVC_Handler
    startup_stm32f407xx.o(RESET) refers to stm32f4xx_it.o(i.DebugMon_Handler) for DebugMon_Handler
    startup_stm32f407xx.o(RESET) refers to stm32f4xx_it.o(i.PendSV_Handler) for PendSV_Handler
    startup_stm32f407xx.o(RESET) refers to stm32f4xx_it.o(i.SysTick_Handler) for SysTick_Handler
    startup_stm32f407xx.o(RESET) refers to stm32f4xx_it.o(i.TIM1_UP_TIM10_IRQHandler) for TIM1_UP_TIM10_IRQHandler
    startup_stm32f407xx.o(RESET) refers to stm32f4xx_it.o(i.TIM2_IRQHandler) for TIM2_IRQHandler
    startup_stm32f407xx.o(RESET) refers to stm32f4xx_it.o(i.TIM6_DAC_IRQHandler) for TIM6_DAC_IRQHandler
    startup_stm32f407xx.o(.text) refers (Special) to heapauxi.o(.text) for __use_two_region_memory
    startup_stm32f407xx.o(.text) refers to system_stm32f4xx.o(i.SystemInit) for SystemInit
    startup_stm32f407xx.o(.text) refers to __main.o(!!!main) for __main
    startup_stm32f407xx.o(.text) refers to startup_stm32f407xx.o(HEAP) for Heap_Mem
    startup_stm32f407xx.o(.text) refers to startup_stm32f407xx.o(STACK) for Stack_Mem
    oled.o(i.I2C_Configuration) refers to i2c.o(i.HAL_I2C_MspInit) for HAL_I2C_MspInit
    oled.o(i.I2C_Configuration) refers to i2c.o(i.MX_I2C1_Init) for MX_I2C1_Init
    oled.o(i.I2C_Configuration) refers to i2c.o(.bss) for hi2c1
    oled.o(i.I2C_WriteByte) refers to stm32f4xx_hal_i2c.o(i.HAL_I2C_Master_Transmit) for HAL_I2C_Master_Transmit
    oled.o(i.I2C_WriteByte) refers to i2c.o(.bss) for hi2c1
    oled.o(i.OLED_Clear) refers to oled.o(i.OLED_Fill) for OLED_Fill
    oled.o(i.OLED_ClearLine) refers to oled.o(i.OLED_SetPos) for OLED_SetPos
    oled.o(i.OLED_ClearLine) refers to oled.o(i.OLED_ShowStr) for OLED_ShowStr
    oled.o(i.OLED_Fill) refers to oled.o(i.WriteCmd) for WriteCmd
    oled.o(i.OLED_Fill) refers to oled.o(i.WriteData) for WriteData
    oled.o(i.OLED_Init) refers to stm32f4xx_hal.o(i.HAL_Delay) for HAL_Delay
    oled.o(i.OLED_Init) refers to oled.o(i.WriteCmd) for WriteCmd
    oled.o(i.OLED_OFF) refers to oled.o(i.WriteCmd) for WriteCmd
    oled.o(i.OLED_ON) refers to oled.o(i.WriteCmd) for WriteCmd
    oled.o(i.OLED_SetPos) refers to oled.o(i.WriteCmd) for WriteCmd
    oled.o(i.OLED_ShowBMP) refers to oled.o(i.OLED_SetPos) for OLED_SetPos
    oled.o(i.OLED_ShowBMP) refers to oled.o(i.WriteData) for WriteData
    oled.o(i.OLED_ShowBMP) refers to oled_font.o(.data) for BMP1
    oled.o(i.OLED_ShowCN) refers to oled.o(i.OLED_SetPos) for OLED_SetPos
    oled.o(i.OLED_ShowCN) refers to oled.o(i.WriteData) for WriteData
    oled.o(i.OLED_ShowCN) refers to oled_font.o(.data) for F16X16
    oled.o(i.OLED_ShowChar) refers to oled.o(i.OLED_SetPos) for OLED_SetPos
    oled.o(i.OLED_ShowChar) refers to oled.o(i.OLED_WR_DATA) for OLED_WR_DATA
    oled.o(i.OLED_ShowChar) refers to oled_font.o(.constdata) for F6x8
    oled.o(i.OLED_ShowChar) refers to oled_font.o(.constdata) for F8X16
    oled.o(i.OLED_ShowStr) refers to oled.o(i.OLED_SetPos) for OLED_SetPos
    oled.o(i.OLED_ShowStr) refers to oled.o(i.WriteData) for WriteData
    oled.o(i.OLED_ShowStr) refers to oled_font.o(.constdata) for F8X16
    oled.o(i.OLED_ShowStr) refers to oled_font.o(.constdata) for F6x8
    oled.o(i.OLED_Showdecimal) refers to oled.o(i.oled_pow) for oled_pow
    oled.o(i.OLED_Showdecimal) refers to oled.o(i.OLED_ShowChar) for OLED_ShowChar
    oled.o(i.OLED_WR_DATA) refers to stm32f4xx_hal_i2c.o(i.HAL_I2C_Mem_Write) for HAL_I2C_Mem_Write
    oled.o(i.OLED_WR_DATA) refers to i2c.o(.bss) for hi2c1
    oled.o(i.OLED_refresh_line) refers to oled.o(i.WriteCmd) for WriteCmd
    oled.o(i.OLED_refresh_line) refers to oled.o(i.WriteData) for WriteData
    oled.o(i.OLED_refresh_line) refers to oled.o(.bss) for .bss
[...]
    ../Drivers/STM32F4xx_HAL_Driver/Src/stm32f4xx_hal_pwr.c 0x00000000   Number         0  stm32f4xx_hal_pwr.o ABSOLUTE
    ../Drivers/STM32F4xx_HAL_Driver/Src/stm32f4xx_hal_pwr_ex.c 0x00000000   Number         0  stm32f4xx_hal_pwr_ex.o ABSOLUTE
    ../Drivers/STM32F4xx_HAL_Driver/Src/stm32f4xx_hal_rcc.c 0x00000000   Number         0  stm32f4xx_hal_rcc.o ABSOLUTE
    ../Drivers/STM32F4xx_HAL_Driver/Src/stm32f4xx_hal_rcc_ex.c 0x00000000   Number         0  stm32f4xx_hal_rcc_ex.o ABSOLUTE
    ../Drivers/STM32F4xx_HAL_Driver/Src/stm32f4xx_hal_tim.c 0x00000000   Number         0  stm32f4xx_hal_tim.o ABSOLUTE
    ../Drivers/STM32F4xx_HAL_Driver/Src/stm32f4xx_hal_tim_ex.c 0x00000000   Number         0  stm32f4xx_hal_tim_ex.o ABSOLUTE
    ../Drivers/STM32F4xx_HAL_Driver/Src/stm32f4xx_hal_uart.c 0x00000000   Number         0  stm32f4xx_hal_uart.o ABSOLUTE
    ../clib/angel/boardlib.s                 0x00000000   Number         0  boardinit2.o ABSOLUTE
    ../clib/angel/boardlib.s                 0x00000000   Number         0  boardshut.o ABSOLUTE
    ../clib/angel/boardlib.s                 0x00000000   Number         0  boardinit3.o ABSOLUTE
    ../clib/angel/boardlib.s                 0x00000000   Number         0  boardinit1.o ABSOLUTE
    ../clib/angel/handlers.s                 0x00000000   Number         0  __scatter_zi.o ABSOLUTE
    ../clib/angel/handlers.s                 0x00000000   Number         0  __scatter_copy.o ABSOLUTE
    ../clib/angel/kernel.s                   0x00000000   Number         0  __rtentry2.o ABSOLUTE
    ../clib/angel/kernel.s                   0x00000000   Number         0  __rtentry4.o ABSOLUTE
    ../clib/angel/kernel.s                   0x00000000   Number         0  rtexit2.o ABSOLUTE
    ../clib/angel/kernel.s                   0x00000000   Number         0  __rtentry.o ABSOLUTE
    ../clib/angel/kernel.s                   0x00000000   Number         0  rtexit.o ABSOLUTE
    ../clib/angel/rt.s                       0x00000000   Number         0  rt_div0.o ABSOLUTE
    ../clib/angel/rt.s                       0x00000000   Number         0  aeabi_ldiv0_sigfpe.o ABSOLUTE
    ../clib/angel/rt.s                       0x00000000   Number         0  rt_raise.o ABSOLUTE
    ../clib/angel/rt.s                       0x00000000   Number         0  aeabi_ldiv0.o ABSOLUTE
    ../clib/angel/scatter.s                  0x00000000   Number         0  __scatter.o ABSOLUTE
    ../clib/angel/startup.s                  0x00000000   Number         0  __main.o ABSOLUTE
    ../clib/angel/sys.s                      0x00000000   Number         0  use_no_semi.o ABSOLUTE
    ../clib/angel/sys.s                      0x00000000   Number         0  indicate_semi.o ABSOLUTE
    ../clib/angel/sys.s                      0x00000000   Number         0  sys_stackheap_outer.o ABSOLUTE
    ../clib/angel/sys.s                      0x00000000   Number         0  libspace.o ABSOLUTE
    ../clib/angel/sysapp.c                   0x00000000   Number         0  sys_command.o ABSOLUTE
    ../clib/angel/sysapp.c                   0x00000000   Number         0  sys_wrch.o ABSOLUTE
    ../clib/angel/sysapp.c                   0x00000000   Number         0  sys_exit.o ABSOLUTE
    ../clib/armsys.c                         0x00000000   Number         0  _get_argv_nomalloc.o ABSOLUTE
    ../clib/armsys.c                         0x00000000   Number         0  argv_veneer.o ABSOLUTE
    ../clib/armsys.c                         0x00000000   Number         0  argv_veneer.o ABSOLUTE
    ../clib/armsys.c                         0x00000000   Number         0  no_argv.o ABSOLUTE
    ../clib/heapalloc.c                      0x00000000   Number         0  hrguard.o ABSOLUTE
    ../clib/heapaux.c                        0x00000000   Number         0  heapauxi.o ABSOLUTE
    ../clib/libinit.s                        0x00000000   Number         0  libinit.o ABSOLUTE
    ../clib/libinit.s                        0x00000000   Number         0  libshutdown2.o ABSOLUTE
    ../clib/libinit.s                        0x00000000   Number         0  libinit2.o ABSOLUTE
    ../clib/libinit.s                        0x00000000   Number         0  libshutdown.o ABSOLUTE
    ../clib/longlong.s                       0x00000000   Number         0  lludivv7m.o ABSOLUTE
    ../clib/memcpset.s                       0x00000000   Number         0  rt_memclr_w.o ABSOLUTE
    ../clib/signal.c                         0x00000000   Number         0  defsig_other.o ABSOLUTE
    ../clib/signal.c                         0x00000000   Number         0  defsig_fpe_formal.o ABSOLUTE
    ../clib/signal.c                         0x00000000   Number         0  defsig_exit.o ABSOLUTE
    ../clib/signal.c                         0x00000000   Number         0  defsig_segv_inner.o ABSOLUTE
    ../clib/signal.c                         0x00000000   Number         0  defsig_cppl_inner.o ABSOLUTE
    ../clib/signal.c                         0x00000000   Number         0  defsig_pvfn_inner.o ABSOLUTE
    ../clib/signal.c                         0x00000000   Number         0  defsig_stak_inner.o ABSOLUTE
    ../clib/signal.c                         0x00000000   Number         0  defsig_rtmem_formal.o ABSOLUTE
    ../clib/signal.c                         0x00000000   Number         0  defsig_general.o ABSOLUTE
    ../clib/signal.c                         0x00000000   Number         0  __raise.o ABSOLUTE
    ../clib/signal.c                         0x00000000   Number         0  defsig_rtmem_outer.o ABSOLUTE
    ../clib/signal.c                         0x00000000   Number         0  defsig_rtmem_inner.o ABSOLUTE
    ../clib/signal.c                         0x00000000   Number         0  defsig_fpe_inner.o ABSOLUTE
    ../clib/signal.c                         0x00000000   Number         0  defsig_rtred_inner.o ABSOLUTE
    ../clib/signal.c                         0x00000000   Number         0  defsig_fpe_outer.o ABSOLUTE
    ../clib/signal.c                         0x00000000   Number         0  defsig_abrt_inner.o ABSOLUTE
    ../clib/signal.s                         0x00000000   Number         0  defsig.o ABSOLUTE
    ../clib/stdlib.c                         0x00000000   Number         0  exit.o ABSOLUTE
    ../fplib/d2f.s                           0x00000000   Number         0  d2f.o ABSOLUTE
    ../fplib/ddiv.s                          0x00000000   Number         0  ddiv.o ABSOLUTE
    ../fplib/dnaninf.s                       0x00000000   Number         0  dnaninf.o ABSOLUTE
    ../fplib/dretinf.s                       0x00000000   Number         0  dretinf.o ABSOLUTE
    ../fplib/f2d.s                           0x00000000   Number         0  f2d.o ABSOLUTE
    ../fplib/fnaninf.s                       0x00000000   Number         0  fnaninf.o ABSOLUTE
    ../fplib/fpinit.s                        0x00000000   Number         0  fpinit.o ABSOLUTE
    ../fplib/fretinf.s                       0x00000000   Number         0  fretinf.o ABSOLUTE
    ../fplib/usenofp.s                       0x00000000   Number         0  usenofp.o ABSOLUTE
    ..\Core\Src\gpio.c                       0x00000000   Number         0  gpio.o ABSOLUTE
    ..\Core\Src\i2c.c                        0x00000000   Number         0  i2c.o ABSOLUTE
    ..\Core\Src\main.c                       0x00000000   Number         0  main.o ABSOLUTE
    ..\Core\Src\stm32f4xx_hal_msp.c          0x00000000   Number         0  stm32f4xx_hal_msp.o ABSOLUTE
    ..\Core\Src\stm32f4xx_it.c               0x00000000   Number         0  stm32f4xx_it.o ABSOLUTE
    ..\Core\Src\system_stm32f4xx.c           0x00000000   Number         0  system_stm32f4xx.o ABSOLUTE
    ..\Core\Src\tim.c                        0x00000000   Number         0  tim.o ABSOLUTE
    ..\Core\Src\usart.c                      0x00000000   Number         0  usart.o ABSOLUTE
    ..\Drivers\STM32F4xx_HAL_Driver\Src\stm32f4xx_hal.c 0x00000000   Number         0  stm32f4xx_hal.o ABSOLUTE
    ..\Drivers\STM32F4xx_HAL_Driver\Src\stm32f4xx_hal_cortex.c 0x00000000   Number         0  stm32f4xx_hal_cortex.o ABSOLUTE
    ..\Drivers\STM32F4xx_HAL_Driver\Src\stm32f4xx_hal_dma.c 0x00000000   Number         0  stm32f4xx_hal_dma.o ABSOLUTE
    ..\Drivers\STM32F4xx_HAL_Driver\Src\stm32f4xx_hal_dma_ex.c 0x00000000   Number         0  stm32f4xx_hal_dma_ex.o ABSOLUTE
    ..\Drivers\STM32F4xx_HAL_Driver\Src\stm32f4xx_hal_exti.c 0x00000000   Number         0  stm32f4xx_hal_exti.o ABSOLUTE
    ..\Drivers\STM32F4xx_HAL_Driver\Src\stm32f4xx_hal_flash.c 0x00000000   Number         0  stm32f4xx_hal_flash.o ABSOLUTE
    ..\Drivers\STM32F4xx_HAL_Driver\Src\stm32f4xx_hal_flash_ex.c 0x00000000   Number         0  stm32f4xx_hal_flash_ex.o ABSOLUTE
    ..\Drivers\STM32F4xx_HAL_Driver\Src\stm32f4xx_hal_flash_ramfunc.c 0x00000000   Number         0  stm32f4xx_hal_flash_ramfunc.o ABSOLUTE
    ..\Drivers\STM32F4xx_HAL_Driver\Src\stm32f4xx_hal_gpio.c 0x00000000   Number         0  stm32f4xx_hal_gpio.o ABSOLUTE
    ..\Drivers\STM32F4xx_HAL_Driver\Src\stm32f4xx_hal_i2c.c 0x00000000   Number         0  stm32f4xx_hal_i2c.o ABSOLUTE
    ..\Drivers\STM32F4xx_HAL_Driver\Src\stm32f4xx_hal_i2c_ex.c 0x00000000   Number         0  stm32f4xx_hal_i2c_ex.o ABSOLUTE
    ..\Drivers\STM32F4xx_HAL_Driver\Src\stm32f4xx_hal_pwr.c 0x00000000   Number         0  stm32f4xx_hal_pwr.o ABSOLUTE
    ..\Drivers\STM32F4xx_HAL_Driver\Src\stm32f4xx_hal_pwr_ex.c 0x00000000   Number         0  stm32f4xx_hal_pwr_ex.o ABSOLUTE
    ..\Drivers\STM32F4xx_HAL_Driver\Src\stm32f4xx_hal_rcc.c 0x00000000   Number         0  stm32f4xx_hal_rcc.o ABSOLUTE
    ..\Drivers\STM32F4xx_HAL_Driver\Src\stm32f4xx_hal_rcc_ex.c 0x00000000   Number         0  stm32f4xx_hal_rcc_ex.o ABSOLUTE
    ..\Drivers\STM32F4xx_HAL_Driver\Src\stm32f4xx_hal_tim.c 0x00000000   Number         0  stm32f4xx_hal_tim.o ABSOLUTE
    ..\Drivers\STM32F4xx_HAL_Driver\Src\stm32f4xx_hal_tim_ex.c 0x00000000   Number         0  stm32f4xx_hal_tim_ex.o ABSOLUTE
    ..\Drivers\STM32F4xx_HAL_Driver\Src\stm32f4xx_hal_uart.c 0x00000000   Number         0  stm32f4xx_hal_uart.o ABSOLUTE
    dc.s                                     0x00000000   Number         0  dc.o ABSOLUTE
    motor.c                                  0x00000000   Number         0  motor_1.o ABSOLUTE
    motor.c                                  0x00000000   Number         0  motor_1.o ABSOLUTE
    oled.c                                   0x00000000   Number         0  oled.o ABSOLUTE
    oled.c                                   0x00000000   Number         0  oled.o ABSOLUTE
    oled_font.c                              0x00000000   Number         0  oled_font.o ABSOLUTE
    oled_font.c                              0x00000000   Number         0  oled_font.o ABSOLUTE
    startup_stm32f407xx.s                    0x00000000   Number         0  startup_stm32f407xx.o ABSOLUTE
    RESET                                    0x08000000   Section      392  startup_stm32f407xx.o(RESET)
    !!!main                                  0x08000188   Section        8  __main.o(!!!main)
    !!!scatter                               0x08000190   Section       52  __scatter.o(!!!scatter)
    !!handler_copy                           0x080001c4   Section       26  __scatter_copy.o(!!handler_copy)
    !!handler_zi                             0x080001e0   Section       28  __scatter_zi.o(!!handler_zi)
    .ARM.Collect$$libinit$$00000000          0x080001fc   Section        2  libinit.o(.ARM.Collect$$libinit$$00000000)
    .ARM.Collect$$libinit$$00000001          0x080001fe   Section        4  libinit2.o(.ARM.Collect$$libinit$$00000001)
    .ARM.Collect$$libinit$$00000004          0x08000202   Section        0  libinit2.o(.ARM.Collect$$libinit$$00000004)
    .ARM.Collect$$libinit$$0000000A          0x08000202   Section        0  libinit2.o(.ARM.Collect$$libinit$$0000000A)
    .ARM.Collect$$libinit$$0000000C          0x08000202   Section        0  libinit2.o(.ARM.Collect$$libinit$$0000000C)
    .ARM.Collect$$libinit$$0000000E          0x08000202   Section        0  libinit2.o(.ARM.Collect$$libinit$$0000000E)
    .ARM.Collect$$libinit$$00000011          0x08000202   Section        0  libinit2.o(.ARM.Collect$$libinit$$00000011)
    .ARM.Collect$$libinit$$00000013          0x08000202   Section        0  libinit2.o(.ARM.Collect$$libinit$$00000013)
    .ARM.Collect$$libinit$$00000015          0x08000202   Section        0  libinit2.o(.ARM.Collect$$libinit$$00000015)
    .ARM.Collect$$libinit$$00000017          0x08000202   Section        0  libinit2.o(.ARM.Collect$$libinit$$00000017)
    .ARM.Collect$$libinit$$00000019          0x08000202   Section        0  libinit2.o(.ARM.Collect$$libinit$$00000019)
    .ARM.Collect$$libinit$$0000001B          0x08000202   Section        0  libinit2.o(.ARM.Collect$$libinit$$0000001B)
    .ARM.Collect$$libinit$$0000001D          0x08000202   Section        0  libinit2.o(.ARM.Collect$$libinit$$0000001D)
    .ARM.Collect$$libinit$$0000001F          0x08000202   Section        0  libinit2.o(.ARM.Collect$$libinit$$0000001F)
    .ARM.Collect$$libinit$$00000021          0x08000202   Section        0  libinit2.o(.ARM.Collect$$libinit$$00000021)
    .ARM.Collect$$libinit$$00000023          0x08000202   Section        0  libinit2.o(.ARM.Collect$$libinit$$00000023)
    .ARM.Collect$$libinit$$00000025          0x08000202   Section        0  libinit2.o(.ARM.Collect$$libinit$$00000025)
    .ARM.Collect$$libinit$$0000002C          0x08000202   Section        0  libinit2.o(.ARM.Collect$$libinit$$0000002C)
    .ARM.Collect$$libinit$$0000002E          0x08000202   Section        0  libinit2.o(.ARM.Collect$$libinit$$0000002E)
    .ARM.Collect$$libinit$$00000030          0x08000202   Section        0  libinit2.o(.ARM.Collect$$libinit$$00000030)
    .ARM.Collect$$libinit$$00000032          0x08000202   Section        0  libinit2.o(.ARM.Collect$$libinit$$00000032)
    .ARM.Collect$$libinit$$00000033          0x08000202   Section        2  libinit2.o(.ARM.Collect$$libinit$$00000033)
    .ARM.Collect$$libshutdown$$00000000      0x08000204   Section        2  libshutdown.o(.ARM.Collect$$libshutdown$$00000000)
    .ARM.Collect$$libshutdown$$00000002      0x08000206   Section        0  libshutdown2.o(.ARM.Collect$$libshutdown$$00000002)
    .ARM.Collect$$libshutdown$$00000004      0x08000206   Section        0  libshutdown2.o(.ARM.Collect$$libshutdown$$00000004)
    .ARM.Collect$$libshutdown$$00000006      0x08000206   Section        0  libshutdown2.o(.ARM.Collect$$libshutdown$$00000006)
    .ARM.Collect$$libshutdown$$00000009      0x08000206   Section        0  libshutdown2.o(.ARM.Collect$$libshutdown$$00000009)
    .ARM.Collect$$libshutdown$$0000000C      0x08000206   Section        0  libshutdown2.o(.ARM.Collect$$libshutdown$$0000000C)
    .ARM.Collect$$libshutdown$$0000000E      0x08000206   Section        0  libshutdown2.o(.ARM.Collect$$libshutdown$$0000000E)
    .ARM.Collect$$libshutdown$$00000011      0x08000206   Section        0  libshutdown2.o(.ARM.Collect$$libshutdown$$00000011)
    .ARM.Collect$$libshutdown$$00000012      0x08000206   Section        2  libshutdown2.o(.ARM.Collect$$libshutdown$$00000012)
    .ARM.Collect$$rtentry$$00000000          0x08000208   Section        0  __rtentry.o(.ARM.Collect$$rtentry$$00000000)
    .ARM.Collect$$rtentry$$00000002          0x08000208   Section        0  __rtentry2.o(.ARM.Collect$$rtentry$$00000002)
    .ARM.Collect$$rtentry$$00000004          0x08000208   Section        6  __rtentry4.o(.ARM.Collect$$rtentry$$00000004)
    .ARM.Collect$$rtentry$$00000009          0x0800020e   Section        0  __rtentry2.o(.ARM.Collect$$rtentry$$00000009)
    .ARM.Collect$$rtentry$$0000000A          0x0800020e   Section        4  __rtentry2.o(.ARM.Collect$$rtentry$$0000000A)
    .ARM.Collect$$rtentry$$0000000C          0x08000212   Section        0  __rtentry2.o(.ARM.Collect$$rtentry$$0000000C)
    .ARM.Collect$$rtentry$$0000000D          0x08000212   Section        8  __rtentry2.o(.ARM.Collect$$rtentry$$0000000D)
    .ARM.Collect$$rtexit$$00000000           0x0800021a   Section        2  rtexit.o(.ARM.Collect$$rtexit$$00000000)
    .ARM.Collect$$rtexit$$00000002           0x0800021c   Section        0  rtexit2.o(.ARM.Collect$$rtexit$$00000002)
    .ARM.Collect$$rtexit$$00000003           0x0800021c   Section        4  rtexit2.o(.ARM.Collect$$rtexit$$00000003)
    .ARM.Collect$$rtexit$$00000004           0x08000220   Section        6  rtexit2.o(.ARM.Collect$$rtexit$$00000004)
    .text                                    0x08000228   Section       64  startup_stm32f407xx.o(.text)
    $v0                                      0x08000228   Number         0  startup_stm32f407xx.o(.text)
    .text                                    0x08000268   Section      238  lludivv7m.o(.text)
    .text                                    0x08000356   Section       78  rt_memclr_w.o(.text)
    .text                                    0x080003a4   Section        0  heapauxi.o(.text)
    .text                                    0x080003aa   Section       74  sys_stackheap_outer.o(.text)
    .text                                    0x080003f4   Section        0  exit.o(.text)
    .text                                    0x08000408   Section        8  libspace.o(.text)
    .text                                    0x08000410   Section        0  sys_exit.o(.text)
    .text                                    0x0800041c   Section        2  use_no_semi.o(.text)
    .text                                    0x0800041e   Section        0  indicate_semi.o(.text)
    i.BusFault_Handler                       0x0800041e   Section        0  stm32f4xx_it.o(i.BusFault_Handler)
    i.DebugMon_Handler                       0x08000420   Section        0  stm32f4xx_it.o(i.DebugMon_Handler)
    i.Error_Handler                          0x08000422   Section        0  main.o(i.Error_Handler)
    i.GET_NUM                                0x08000428   Section        0  main.o(i.GET_NUM)
    i.HAL_Delay                              0x08000440   Section        0  stm32f4xx_hal.o(i.HAL_Delay)
    i.HAL_GPIO_Init                          0x08000464   Section        0  stm32f4xx_hal_gpio.o(i.HAL_GPIO_Init)
    i.HAL_GPIO_WritePin                      0x08000654   Section        0  stm32f4xx_hal_gpio.o(i.HAL_GPIO_WritePin)
    i.HAL_GetTick                            0x08000660   Section        0  stm32f4xx_hal.o(i.HAL_GetTick)
    i.HAL_I2C_Init                           0x0800066c   Section        0  stm32f4xx_hal_i2c.o(i.HAL_I2C_Init)
    i.HAL_I2C_Master_Transmit                0x080007f4   Section        0  stm32f4xx_hal_i2c.o(i.HAL_I2C_Master_Transmit)
    i.HAL_I2C_Mem_Write                      0x08000920   Section        0  stm32f4xx_hal_i2c.o(i.HAL_I2C_Mem_Write)
    i.HAL_I2C_MspInit                        0x08000a50   Section        0  i2c.o(i.HAL_I2C_MspInit)
    i.HAL_IncTick                            0x08000ad4   Section        0  stm32f4xx_hal.o(i.HAL_IncTick)
    i.HAL_Init                               0x08000ae4   Section        0  stm32f4xx_hal.o(i.HAL_Init)
    i.HAL_InitTick                           0x08000b18   Section        0  stm32f4xx_hal.o(i.HAL_InitTick)
    i.HAL_MspInit                            0x08000b58   Section        0  stm32f4xx_hal_msp.o(i.HAL_MspInit)
    i.HAL_NVIC_EnableIRQ                     0x08000b88   Section        0  stm32f4xx_hal_cortex.o(i.HAL_NVIC_EnableIRQ)
    i.HAL_NVIC_SetPriority                   0x08000ba4   Section        0  stm32f4xx_hal_cortex.o(i.HAL_NVIC_SetPriority)
    i.HAL_NVIC_SetPriorityGrouping           0x08000be4   Section        0  stm32f4xx_hal_cortex.o(i.HAL_NVIC_SetPriorityGrouping)
    i.HAL_RCC_ClockConfig                    0x08000c08   Section        0  stm32f4xx_hal_rcc.o(i.HAL_RCC_ClockConfig)
    i.HAL_RCC_GetPCLK1Freq                   0x08000d3c   Section        0  stm32f4xx_hal_rcc.o(i.HAL_RCC_GetPCLK1Freq)
    i.HAL_RCC_GetPCLK2Freq                   0x08000d5c   Section        0  stm32f4xx_hal_rcc.o(i.HAL_RCC_GetPCLK2Freq)
    i.HAL_RCC_GetSysClockFreq                0x08000d7c   Section        0  stm32f4xx_hal_rcc.o(i.HAL_RCC_GetSysClockFreq)
    i.HAL_RCC_OscConfig                      0x08000ddc   Section        0  stm32f4xx_hal_rcc.o(i.HAL_RCC_OscConfig)
    i.HAL_SYSTICK_Config                     0x08001148   Section        0  stm32f4xx_hal_cortex.o(i.HAL_SYSTICK_Config)
    i.HAL_TIMEx_BreakCallback                0x08001170   Section        0  stm32f4xx_hal_tim_ex.o(i.HAL_TIMEx_BreakCallback)
    i.HAL_TIMEx_CommutCallback               0x08001172   Section        0  stm32f4xx_hal_tim_ex.o(i.HAL_TIMEx_CommutCallback)
    i.HAL_TIMEx_ConfigBreakDeadTime          0x08001174   Section        0  stm32f4xx_hal_tim_ex.o(i.HAL_TIMEx_ConfigBreakDeadTime)
    i.HAL_TIMEx_MasterConfigSynchronization  0x080011c8   Section        0  stm32f4xx_hal_tim_ex.o(i.HAL_TIMEx_MasterConfigSynchronization)
    i.HAL_TIM_Base_Init                      0x08001258   Section        0  stm32f4xx_hal_tim.o(i.HAL_TIM_Base_Init)
    i.HAL_TIM_Base_MspInit                   0x080012b4   Section        0  tim.o(i.HAL_TIM_Base_MspInit)
    i.HAL_TIM_Base_Start_IT                  0x0800131c   Section        0  stm32f4xx_hal_tim.o(i.HAL_TIM_Base_Start_IT)
    i.HAL_TIM_ConfigClockSource              0x0800139c   Section        0  stm32f4xx_hal_tim.o(i.HAL_TIM_ConfigClockSource)
    i.HAL_TIM_Encoder_Init                   0x08001478   Section        0  stm32f4xx_hal_tim.o(i.HAL_TIM_Encoder_Init)
    i.HAL_TIM_Encoder_MspInit                0x0800151c   Section        0  tim.o(i.HAL_TIM_Encoder_MspInit)
    i.HAL_TIM_Encoder_Start                  0x080015d4   Section        0  stm32f4xx_hal_tim.o(i.HAL_TIM_Encoder_Start)
    i.HAL_TIM_IC_CaptureCallback             0x08001662   Section        0  stm32f4xx_hal_tim.o(i.HAL_TIM_IC_CaptureCallback)
    i.HAL_TIM_IRQHandler                     0x08001664   Section        0  stm32f4xx_hal_tim.o(i.HAL_TIM_IRQHandler)
    i.HAL_TIM_MspPostInit                    0x080017cc   Section        0  tim.o(i.HAL_TIM_MspPostInit)
    i.HAL_TIM_OC_DelayElapsedCallback        0x08001820   Section        0  stm32f4xx_hal_tim.o(i.HAL_TIM_OC_DelayElapsedCallback)
    i.HAL_TIM_PWM_ConfigChannel              0x08001822   Section        0  stm32f4xx_hal_tim.o(i.HAL_TIM_PWM_ConfigChannel)
    i.HAL_TIM_PWM_Init                       0x080018ee   Section        0  stm32f4xx_hal_tim.o(i.HAL_TIM_PWM_Init)
    i.HAL_TIM_PWM_MspInit                    0x08001948   Section        0  stm32f4xx_hal_tim.o(i.HAL_TIM_PWM_MspInit)
    i.HAL_TIM_PWM_PulseFinishedCallback      0x0800194a   Section        0  stm32f4xx_hal_tim.o(i.HAL_TIM_PWM_PulseFinishedCallback)
    i.HAL_TIM_PWM_Start                      0x0800194c   Section        0  stm32f4xx_hal_tim.o(i.HAL_TIM_PWM_Start)
    i.HAL_TIM_PeriodElapsedCallback          0x08001a14   Section        0  main.o(i.HAL_TIM_PeriodElapsedCallback)
    i.HAL_TIM_TriggerCallback                0x08001a98   Section        0  stm32f4xx_hal_tim.o(i.HAL_TIM_TriggerCallback)
    i.HAL_UART_Init                          0x08001a9a   Section        0  stm32f4xx_hal_uart.o(i.HAL_UART_Init)
    i.HAL_UART_MspInit                       0x08001afc   Section        0  usart.o(i.HAL_UART_MspInit)
    i.HardFault_Handler                      0x08001b68   Section        0  stm32f4xx_it.o(i.HardFault_Handler)
    i.I2C_IsAcknowledgeFailed                0x08001b6a   Section        0  stm32f4xx_hal_i2c.o(i.I2C_IsAcknowledgeFailed)
    I2C_IsAcknowledgeFailed                  0x08001b6b   Thumb Code    46  stm32f4xx_hal_i2c.o(i.I2C_IsAcknowledgeFailed)
    i.I2C_MasterRequestWrite                 0x08001b98   Section        0  stm32f4xx_hal_i2c.o(i.I2C_MasterRequestWrite)
    I2C_MasterRequestWrite                   0x08001b99   Thumb Code   150  stm32f4xx_hal_i2c.o(i.I2C_MasterRequestWrite)
    i.I2C_RequestMemoryWrite                 0x08001c34   Section        0  stm32f4xx_hal_i2c.o(i.I2C_RequestMemoryWrite)
    I2C_RequestMemoryWrite                   0x08001c35   Thumb Code   162  stm32f4xx_hal_i2c.o(i.I2C_RequestMemoryWrite)
    i.I2C_WaitOnBTFFlagUntilTimeout          0x08001cdc   Section        0  stm32f4xx_hal_i2c.o(i.I2C_WaitOnBTFFlagUntilTimeout)
    I2C_WaitOnBTFFlagUntilTimeout            0x08001cdd   Thumb Code    76  stm32f4xx_hal_i2c.o(i.I2C_WaitOnBTFFlagUntilTimeout)
    i.I2C_WaitOnFlagUntilTimeout             0x08001d28   Section        0  stm32f4xx_hal_i2c.o(i.I2C_WaitOnFlagUntilTimeout)
    I2C_WaitOnFlagUntilTimeout               0x08001d29   Thumb Code   104  stm32f4xx_hal_i2c.o(i.I2C_WaitOnFlagUntilTimeout)
    i.I2C_WaitOnMasterAddressFlagUntilTimeout 0x08001d90   Section        0  stm32f4xx_hal_i2c.o(i.I2C_WaitOnMasterAddressFlagUntilTimeout)
    I2C_WaitOnMasterAddressFlagUntilTimeout  0x08001d91   Thumb Code   150  stm32f4xx_hal_i2c.o(i.I2C_WaitOnMasterAddressFlagUntilTimeout)
    i.I2C_WaitOnTXEFlagUntilTimeout          0x08001e26   Section        0  stm32f4xx_hal_i2c.o(i.I2C_WaitOnTXEFlagUntilTimeout)
    I2C_WaitOnTXEFlagUntilTimeout            0x08001e27   Thumb Code    76  stm32f4xx_hal_i2c.o(i.I2C_WaitOnTXEFlagUntilTimeout)
    i.I2C_WriteByte                          0x08001e74   Section        0  oled.o(i.I2C_WriteByte)
    i.MX_GPIO_Init                           0x08001e98   Section        0  gpio.o(i.MX_GPIO_Init)
    i.MX_I2C1_Init                           0x08001f74   Section        0  i2c.o(i.MX_I2C1_Init)
    i.MX_TIM1_Init                           0x08001fb4   Section        0  tim.o(i.MX_TIM1_Init)
    i.MX_TIM2_Init                           0x080020ac   Section        0  tim.o(i.MX_TIM2_Init)
    i.MX_TIM4_Init                           0x0800211c   Section        0  tim.o(i.MX_TIM4_Init)
    i.MX_TIM6_Init                           0x08002184   Section        0  tim.o(i.MX_TIM6_Init)
    i.MX_USART1_UART_Init                    0x080021c8   Section        0  usart.o(i.MX_USART1_UART_Init)
    i.MemManage_Handler                      0x08002200   Section        0  stm32f4xx_it.o(i.MemManage_Handler)
    i.Motor_Init                             0x08002204   Section        0  motor_1.o(i.Motor_Init)
    i.NMI_Handler                            0x0800224c   Section        0  stm32f4xx_it.o(i.NMI_Handler)
    i.OLED_Clear                             0x0800224e   Section        0  oled.o(i.OLED_Clear)
    i.OLED_Fill                              0x08002254   Section        0  oled.o(i.OLED_Fill)
    i.OLED_Init                              0x0800228c   Section        0  oled.o(i.OLED_Init)
    i.OLED_SetPos                            0x08002340   Section        0  oled.o(i.OLED_SetPos)
    i.OLED_ShowChar                          0x08002368   Section        0  oled.o(i.OLED_ShowChar)
    i.OLED_ShowStr                           0x080023f0   Section        0  oled.o(i.OLED_ShowStr)
    i.OLED_Showdecimal                       0x080024c8   Section        0  oled.o(i.OLED_Showdecimal)
    i.OLED_WR_DATA                           0x08002600   Section        0  oled.o(i.OLED_WR_DATA)
    i.PendSV_Handler                         0x08002624   Section        0  stm32f4xx_it.o(i.PendSV_Handler)
    i.SVC_Handler                            0x08002626   Section        0  stm32f4xx_it.o(i.SVC_Handler)
    i.SysTick_Handler                        0x08002628   Section        0  stm32f4xx_it.o(i.SysTick_Handler)
    i.SystemClock_Config                     0x0800262c   Section        0  main.o(i.SystemClock_Config)
    i.SystemInit                             0x080026c0   Section        0  system_stm32f4xx.o(i.SystemInit)
    i.TIM1_UP_TIM10_IRQHandler               0x080026d0   Section        0  stm32f4xx_it.o(i.TIM1_UP_TIM10_IRQHandler)
    i.TIM2_IRQHandler                        0x080026dc   Section        0  stm32f4xx_it.o(i.TIM2_IRQHandler)
    i.TIM6_DAC_IRQHandler                    0x080026e8   Section        0  stm32f4xx_it.o(i.TIM6_DAC_IRQHandler)
    i.TIM_Base_SetConfig                     0x080026f4   Section        0  stm32f4xx_hal_tim.o(i.TIM_Base_SetConfig)
    i.TIM_CCxChannelCmd                      0x080027bc   Section        0  stm32f4xx_hal_tim.o(i.TIM_CCxChannelCmd)
    i.TIM_ETR_SetConfig                      0x080027d6   Section        0  stm32f4xx_hal_tim.o(i.TIM_ETR_SetConfig)
    i.TIM_ITRx_SetConfig                     0x080027ea   Section        0  stm32f4xx_hal_tim.o(i.TIM_ITRx_SetConfig)
    TIM_ITRx_SetConfig                       0x080027eb   Thumb Code    16  stm32f4xx_hal_tim.o(i.TIM_ITRx_SetConfig)
    i.TIM_OC1_SetConfig                      0x080027fc   Section        0  stm32f4xx_hal_tim.o(i.TIM_OC1_SetConfig)
    TIM_OC1_SetConfig                        0x080027fd   Thumb Code    88  stm32f4xx_hal_tim.o(i.TIM_OC1_SetConfig)
    i.TIM_OC2_SetConfig                      0x0800285c   Section        0  stm32f4xx_hal_tim.o(i.TIM_OC2_SetConfig)
    i.TIM_OC3_SetConfig                      0x080028c8   Section        0  stm32f4xx_hal_tim.o(i.TIM_OC3_SetConfig)
    TIM_OC3_SetConfig                        0x080028c9   Thumb Code    96  stm32f4xx_hal_tim.o(i.TIM_OC3_SetConfig)
    i.TIM_OC4_SetConfig                      0x08002930   Section        0  stm32f4xx_hal_tim.o(i.TIM_OC4_SetConfig)
    TIM_OC4_SetConfig                        0x08002931   Thumb Code    70  stm32f4xx_hal_tim.o(i.TIM_OC4_SetConfig)
    i.TIM_TI1_ConfigInputStage               0x08002980   Section        0  stm32f4xx_hal_tim.o(i.TIM_TI1_ConfigInputStage)
    TIM_TI1_ConfigInputStage                 0x08002981   Thumb Code    34  stm32f4xx_hal_tim.o(i.TIM_TI1_ConfigInputStage)
    i.TIM_TI2_ConfigInputStage               0x080029a2   Section        0  stm32f4xx_hal_tim.o(i.TIM_TI2_ConfigInputStage)
    TIM_TI2_ConfigInputStage                 0x080029a3   Thumb Code    36  stm32f4xx_hal_tim.o(i.TIM_TI2_ConfigInputStage)
    i.UART_SetConfig                         0x080029c8   Section        0  stm32f4xx_hal_uart.o(i.UART_SetConfig)
    UART_SetConfig                           0x080029c9   Thumb Code   258  stm32f4xx_hal_uart.o(i.UART_SetConfig)
    i.UsageFault_Handler                     0x08002ad4   Section        0  stm32f4xx_it.o(i.UsageFault_Handler)
    i.WriteCmd                               0x08002ad6   Section        0  oled.o(i.WriteCmd)
    i.WriteData                              0x08002ade   Section        0  oled.o(i.WriteData)
    i.__NVIC_SetPriority                     0x08002ae6   Section        0  stm32f4xx_hal_cortex.o(i.__NVIC_SetPriority)
    __NVIC_SetPriority                       0x08002ae7   Thumb Code    32  stm32f4xx_hal_cortex.o(i.__NVIC_SetPriority)
    i.main                                   0x08002b08   Section        0  main.o(i.main)
    i.oled_pow                               0x08002ba8   Section        0  oled.o(i.oled_pow)
    x$fpl$d2f                                0x08002bb8   Section       98  d2f.o(x$fpl$d2f)
    $v0                                      0x08002bb8   Number         0  d2f.o(x$fpl$d2f)
    x$fpl$ddiv                               0x08002c1c   Section      688  ddiv.o(x$fpl$ddiv)
    $v0                                      0x08002c1c   Number         0  ddiv.o(x$fpl$ddiv)
    ddiv_entry                               0x08002c23   Thumb Code     0  ddiv.o(x$fpl$ddiv)
    x$fpl$dnaninf                            0x08002ecc   Section      156  dnaninf.o(x$fpl$dnaninf)
    $v0                                      0x08002ecc   Number         0  dnaninf.o(x$fpl$dnaninf)
    x$fpl$dretinf                            0x08002f68   Section       12  dretinf.o(x$fpl$dretinf)
    $v0                                      0x08002f68   Number         0  dretinf.o(x$fpl$dretinf)
    x$fpl$f2d                                0x08002f74   Section       86  f2d.o(x$fpl$f2d)
    $v0                                      0x08002f74   Number         0  f2d.o(x$fpl$f2d)
    x$fpl$fnaninf                            0x08002fca   Section      140  fnaninf.o(x$fpl$fnaninf)
    $v0                                      0x08002fca   Number         0  fnaninf.o(x$fpl$fnaninf)
    x$fpl$fpinit                             0x08003056   Section       10  fpinit.o(x$fpl$fpinit)
    $v0                                      0x08003056   Number         0  fpinit.o(x$fpl$fpinit)
    x$fpl$fretinf                            0x08003060   Section       10  fretinf.o(x$fpl$fretinf)
    $v0                                      0x08003060   Number         0  fretinf.o(x$fpl$fretinf)
    .constdata                               0x0800306a   Section      552  oled_font.o(.constdata)
    x$fpl$usenofp                            0x0800306a   Section        0  usenofp.o(x$fpl$usenofp)
    .constdata                               0x08003292   Section     1520  oled_font.o(.constdata)
    .constdata                               0x08003882   Section       16  system_stm32f4xx.o(.constdata)
    .constdata                               0x08003892   Section        8  system_stm32f4xx.o(.constdata)
    .data                                    0x20000000   Section        8  main.o(.data)
    .data                                    0x20000008   Section       12  stm32f4xx_hal.o(.data)
    .data                                    0x20000014   Section        4  system_stm32f4xx.o(.data)
    .bss                                     0x20000018   Section       84  i2c.o(.bss)
    .bss                                     0x2000006c   Section      288  tim.o(.bss)
    .bss                                     0x2000018c   Section       68  usart.o(.bss)
    .bss                                     0x200001d0   Section       96  libspace.o(.bss)
    HEAP                                     0x20000230   Section      512  startup_stm32f407xx.o(HEAP)
    Heap_Mem                                 0x20000230   Data         512  startup_stm32f407xx.o(HEAP)
    STACK                                    0x20000430   Section     1024  startup_stm32f407xx.o(STACK)
    Stack_Mem                                0x20000430   Data        1024  startup_stm32f407xx.o(STACK)
    __initial_sp                             0x20000830   Data           0  startup_stm32f407xx.o(STACK)

    Global Symbols

    Symbol Name                              Value     Ov Type        Size  Object(Section)

    BuildAttributes$$THM_ISAv4$E$P$D$K$B$S$7EM$VFPi3$EXTD16$VFPS$VFMA$PE$A:L22UL41UL21$X:L11$S22US41US21$IEEE1$IW$USESV6$~STKCKD$USESV7$~SHL$OSPACE$ROPI$EBA8$UX$STANDARDLIB$REQ8$PRES8$EABIv2 0x00000000   Number         0  anon$$obj.o ABSOLUTE
    __ARM_use_no_argv                        0x00000000   Number         0  main.o ABSOLUTE
    __ARM_exceptions_init                     - Undefined Weak Reference
    __alloca_initialize                       - Undefined Weak Reference
    __arm_fini_                               - Undefined Weak Reference
    __arm_preinit_                            - Undefined Weak Reference
    __cpp_initialize__aeabi_                  - Undefined Weak Reference
    __cxa_finalize                            - Undefined Weak Reference
    __rt_locale                               - Undefined Weak Reference
    __sigvec_lookup                           - Undefined Weak Reference
    _atexit_init                              - Undefined Weak Reference
    _call_atexit_fns                          - Undefined Weak Reference
    _clock_init                               - Undefined Weak Reference
    _fp_trap_init                             - Undefined Weak Reference
    _fp_trap_shutdown                         - Undefined Weak Reference
    _get_lc_collate                           - Undefined Weak Reference
    _get_lc_ctype                             - Undefined Weak Reference
    _get_lc_monetary                          - Undefined Weak Reference
    _get_lc_numeric                           - Undefined Weak Reference
    _get_lc_time                              - Undefined Weak Reference
    _getenv_init                              - Undefined Weak Reference
    _handle_redirection                       - Undefined Weak Reference
    _init_alloc                               - Undefined Weak Reference
    _init_user_alloc                          - Undefined Weak Reference
    _initio                                   - Undefined Weak Reference
    _rand_init                                - Undefined Weak Reference
    _signal_finish                            - Undefined Weak Reference
    _signal_init                              - Undefined Weak Reference
    _terminate_alloc                          - Undefined Weak Reference
    _terminate_user_alloc                     - Undefined Weak Reference
    _terminateio                              - Undefined Weak Reference
    __Vectors_Size                           0x00000188   Number         0  startup_stm32f407xx.o ABSOLUTE
    __Vectors                                0x08000000   Data           4  startup_stm32f407xx.o(RESET)
    __Vectors_End                            0x08000188   Data           0  startup_stm32f407xx.o(RESET)
    __main                                   0x08000189   Thumb Code     8  __main.o(!!!main)
    __scatterload                            0x08000191   Thumb Code     0  __scatter.o(!!!scatter)
    __scatterload_rt2                        0x08000191   Thumb Code    44  __scatter.o(!!!scatter)
    __scatterload_rt2_thumb_only             0x08000191   Thumb Code     0  __scatter.o(!!!scatter)
    __scatterload_null                       0x0800019f   Thumb Code     0  __scatter.o(!!!scatter)
    __scatterload_copy                       0x080001c5   Thumb Code    26  __scatter_copy.o(!!handler_copy)
    __scatterload_zeroinit                   0x080001e1   Thumb Code    28  __scatter_zi.o(!!handler_zi)
    __rt_lib_init                            0x080001fd   Thumb Code     0  libinit.o(.ARM.Collect$$libinit$$00000000)
    __rt_lib_init_fp_1                       0x080001ff   Thumb Code     0  libinit2.o(.ARM.Collect$$libinit$$00000001)
    __rt_lib_init_alloca_1                   0x08000203   Thumb Code     0  libinit2.o(.ARM.Collect$$libinit$$0000002E)
    __rt_lib_init_argv_1                     0x08000203   Thumb Code     0  libinit2.o(.ARM.Collect$$libinit$$0000002C)
    __rt_lib_init_atexit_1                   0x08000203   Thumb Code     0  libinit2.o(.ARM.Collect$$libinit$$0000001B)
    __rt_lib_init_clock_1                    0x08000203   Thumb Code     0  libinit2.o(.ARM.Collect$$libinit$$00000021)
    __rt_lib_init_cpp_1                      0x08000203   Thumb Code     0  libinit2.o(.ARM.Collect$$libinit$$00000032)
    __rt_lib_init_exceptions_1               0x08000203   Thumb Code     0  libinit2.o(.ARM.Collect$$libinit$$00000030)
    __rt_lib_init_fp_trap_1                  0x08000203   Thumb Code     0  libinit2.o(.ARM.Collect$$libinit$$0000001F)
    __rt_lib_init_getenv_1                   0x08000203   Thumb Code     0  libinit2.o(.ARM.Collect$$libinit$$00000023)
    __rt_lib_init_heap_1                     0x08000203   Thumb Code     0  libinit2.o(.ARM.Collect$$libinit$$0000000A)
    __rt_lib_init_lc_collate_1               0x08000203   Thumb Code     0  libinit2.o(.ARM.Collect$$libinit$$00000011)
    __rt_lib_init_lc_ctype_1                 0x08000203   Thumb Code     0  libinit2.o(.ARM.Collect$$libinit$$00000013)
    __rt_lib_init_lc_monetary_1              0x08000203   Thumb Code     0  libinit2.o(.ARM.Collect$$libinit$$00000015)
    __rt_lib_init_lc_numeric_1               0x08000203   Thumb Code     0  libinit2.o(.ARM.Collect$$libinit$$00000017)
    __rt_lib_init_lc_time_1                  0x08000203   Thumb Code     0  libinit2.o(.ARM.Collect$$libinit$$00000019)
    __rt_lib_init_preinit_1                  0x08000203   Thumb Code     0  libinit2.o(.ARM.Collect$$libinit$$00000004)
    __rt_lib_init_rand_1                     0x08000203   Thumb Code     0  libinit2.o(.ARM.Collect$$libinit$$0000000E)
    __rt_lib_init_return                     0x08000203   Thumb Code     0  libinit2.o(.ARM.Collect$$libinit$$00000033)
    __rt_lib_init_signal_1                   0x08000203   Thumb Code     0  libinit2.o(.ARM.Collect$$libinit$$0000001D)
    __rt_lib_init_stdio_1                    0x08000203   Thumb Code     0  libinit2.o(.ARM.Collect$$libinit$$00000025)
    __rt_lib_init_user_alloc_1               0x08000203   Thumb Code     0  libinit2.o(.ARM.Collect$$libinit$$0000000C)
    __rt_lib_shutdown                        0x08000205   Thumb Code     0  libshutdown.o(.ARM.Collect$$libshutdown$$00000000)
    __rt_lib_shutdown_cpp_1                  0x08000207   Thumb Code     0  libshutdown2.o(.ARM.Collect$$libshutdown$$00000004)
    __rt_lib_shutdown_fini_1                 0x08000207   Thumb Code     0  libshutdown2.o(.ARM.Collect$$libshutdown$$00000002)
    __rt_lib_shutdown_fp_trap_1              0x08000207   Thumb Code     0  libshutdown2.o(.ARM.Collect$$libshutdown$$00000009)
    __rt_lib_shutdown_heap_1                 0x08000207   Thumb Code     0  libshutdown2.o(.ARM.Collect$$libshutdown$$00000011)
    __rt_lib_shutdown_return                 0x08000207   Thumb Code     0  libshutdown2.o(.ARM.Collect$$libshutdown$$00000012)
    __rt_lib_shutdown_signal_1               0x08000207   Thumb Code     0  libshutdown2.o(.ARM.Collect$$libshutdown$$0000000C)
    __rt_lib_shutdown_stdio_1                0x08000207   Thumb Code     0  libshutdown2.o(.ARM.Collect$$libshutdown$$00000006)
    __rt_lib_shutdown_user_alloc_1           0x08000207   Thumb Code     0  libshutdown2.o(.ARM.Collect$$libshutdown$$0000000E)
    __rt_entry                               0x08000209   Thumb Code     0  __rtentry.o(.ARM.Collect$$rtentry$$00000000)
    __rt_entry_presh_1                       0x08000209   Thumb Code     0  __rtentry2.o(.ARM.Collect$$rtentry$$00000002)
    __rt_entry_sh                            0x08000209   Thumb Code     0  __rtentry4.o(.ARM.Collect$$rtentry$$00000004)
    __rt_entry_li                            0x0800020f   Thumb Code     0  __rtentry2.o(.ARM.Collect$$rtentry$$0000000A)
    __rt_entry_postsh_1                      0x0800020f   Thumb Code     0  __rtentry2.o(.ARM.Collect$$rtentry$$00000009)
    __rt_entry_main                          0x08000213   Thumb Code     0  __rtentry2.o(.ARM.Collect$$rtentry$$0000000D)
    __rt_entry_postli_1                      0x08000213   Thumb Code     0  __rtentry2.o(.ARM.Collect$$rtentry$$0000000C)
    __rt_exit                                0x0800021b   Thumb Code     0  rtexit.o(.ARM.Collect$$rtexit$$00000000)
    __rt_exit_ls                             0x0800021d   Thumb Code     0  rtexit2.o(.ARM.Collect$$rtexit$$00000003)
    __rt_exit_prels_1                        0x0800021d   Thumb Code     0  rtexit2.o(.ARM.Collect$$rtexit$$00000002)
    __rt_exit_exit                           0x08000221   Thumb Code     0  rtexit2.o(.ARM.Collect$$rtexit$$00000004)
    Reset_Handler                            0x08000229   Thumb Code     8  startup_stm32f407xx.o(.text)
    ADC_IRQHandler                           0x08000243   Thumb Code     0  startup_stm32f407xx.o(.text)
    CAN1_RX0_IRQHandler                      0x08000243   Thumb Code     0  startup_stm32f407xx.o(.text)
    CAN1_RX1_IRQHandler                      0x08000243   Thumb Code     0  startup_stm32f407xx.o(.text)
    CAN1_SCE_IRQHandler                      0x08000243   Thumb Code     0  startup_stm32f407xx.o(.text)
    CAN1_TX_IRQHandler                       0x08000243   Thumb Code     0  startup_stm32f407xx.o(.text)
    CAN2_RX0_IRQHandler                      0x08000243   Thumb Code     0  startup_stm32f407xx.o(.text)
    CAN2_RX1_IRQHandler                      0x08000243   Thumb Code     0  startup_stm32f407xx.o(.text)
    CAN2_SCE_IRQHandler                      0x08000243   Thumb Code     0  startup_stm32f407xx.o(.text)
    CAN2_TX_IRQHandler                       0x08000243   Thumb Code     0  startup_stm32f407xx.o(.text)
    DCMI_IRQHandler                          0x08000243   Thumb Code     0  startup_stm32f407xx.o(.text)
    DMA1_Stream0_IRQHandler                  0x08000243   Thumb Code     0  startup_stm32f407xx.o(.text)
    DMA1_Stream1_IRQHandler                  0x08000243   Thumb Code     0  startup_stm32f407xx.o(.text)
    DMA1_Stream2_IRQHandler                  0x08000243   Thumb Code     0  startup_stm32f407xx.o(.text)
    DMA1_Stream3_IRQHandler                  0x08000243   Thumb Code     0  startup_stm32f407xx.o(.text)
    DMA1_Stream4_IRQHandler                  0x08000243   Thumb Code     0  startup_stm32f407xx.o(.text)
    DMA1_Stream5_IRQHandler                  0x08000243   Thumb Code     0  startup_stm32f407xx.o(.text)
    DMA1_Stream6_IRQHandler                  0x08000243   Thumb Code     0  startup_stm32f407xx.o(.text)
    DMA1_Stream7_IRQHandler                  0x08000243   Thumb Code     0  startup_stm32f407xx.o(.text)
    DMA2_Stream0_IRQHandler                  0x08000243   Thumb Code     0  startup_stm32f407xx.o(.text)
    DMA2_Stream1_IRQHandler                  0x08000243   Thumb Code     0  startup_stm32f407xx.o(.text)
    DMA2_Stream2_IRQHandler                  0x08000243   Thumb Code     0  startup_stm32f407xx.o(.text)
    DMA2_Stream3_IRQHandler                  0x08000243   Thumb Code     0  startup_stm32f407xx.o(.text)
    DMA2_Stream4_IRQHandler                  0x08000243   Thumb Code     0  startup_stm32f407xx.o(.text)
    DMA2_Stream5_IRQHandler                  0x08000243   Thumb Code     0  startup_stm32f407xx.o(.text)
    DMA2_Stream6_IRQHandler                  0x08000243   Thumb Code     0  startup_stm32f407xx.o(.text)
    DMA2_Stream7_IRQHandler                  0x08000243   Thumb Code     0  startup_stm32f407xx.o(.text)
    ETH_IRQHandler                           0x08000243   Thumb Code     0  startup_stm32f407xx.o(.text)
    ETH_WKUP_IRQHandler                      0x08000243   Thumb Code     0  startup_stm32f407xx.o(.text)
    EXTI0_IRQHandler                         0x08000243   Thumb Code     0  startup_stm32f407xx.o(.text)
    EXTI15_10_IRQHandler                     0x08000243   Thumb Code     0  startup_stm32f407xx.o(.text)
    EXTI1_IRQHandler                         0x08000243   Thumb Code     0  startup_stm32f407xx.o(.text)
    EXTI2_IRQHandler                         0x08000243   Thumb Code     0  startup_stm32f407xx.o(.text)
    EXTI3_IRQHandler                         0x08000243   Thumb Code     0  startup_stm32f407xx.o(.text)
    EXTI4_IRQHandler                         0x08000243   Thumb Code     0  startup_stm32f407xx.o(.text)
    EXTI9_5_IRQHandler                       0x08000243   Thumb Code     0  startup_stm32f407xx.o(.text)
    FLASH_IRQHandler                         0x08000243   Thumb Code     0  startup_stm32f407xx.o(.text)
    FMC_IRQHandler                           0x08000243   Thumb Code     0  startup_stm32f407xx.o(.text)
    FPU_IRQHandler                           0x08000243   Thumb Code     0  startup_stm32f407xx.o(.text)
    HASH_RNG_IRQHandler                      0x08000243   Thumb Code     0  startup_stm32f407xx.o(.text)
    I2C1_ER_IRQHandler                       0x08000243   Thumb Code     0  startup_stm32f407xx.o(.text)
    I2C1_EV_IRQHandler                       0x08000243   Thumb Code     0  startup_stm32f407xx.o(.text)
    I2C2_ER_IRQHandler                       0x08000243   Thumb Code     0  startup_stm32f407xx.o(.text)
    I2C2_EV_IRQHandler                       0x08000243   Thumb Code     0  startup_stm32f407xx.o(.text)
    I2C3_ER_IRQHandler                       0x08000243   Thumb Code     0  startup_stm32f407xx.o(.text)
    I2C3_EV_IRQHandler                       0x08000243   Thumb Code     0  startup_stm32f407xx.o(.text)
    OTG_FS_IRQHandler                        0x08000243   Thumb Code     0  startup_stm32f407xx.o(.text)
    OTG_FS_WKUP_IRQHandler                   0x08000243   Thumb Code     0  startup_stm32f407xx.o(.text)
    OTG_HS_EP1_IN_IRQHandler                 0x08000243   Thumb Code     0  startup_stm32f407xx.o(.text)
    OTG_HS_EP1_OUT_IRQHandler                0x08000243   Thumb Code     0  startup_stm32f407xx.o(.text)
    OTG_HS_IRQHandler                        0x08000243   Thumb Code     0  startup_stm32f407xx.o(.text)
    OTG_HS_WKUP_IRQHandler                   0x08000243   Thumb Code     0  startup_stm32f407xx.o(.text)
    PVD_IRQHandler                           0x08000243   Thumb Code     0  startup_stm32f407xx.o(.text)
    RCC_IRQHandler                           0x08000243   Thumb Code     0  startup_stm32f407xx.o(.text)
    RTC_Alarm_IRQHandler                     0x08000243   Thumb Code     0  startup_stm32f407xx.o(.text)
    RTC_WKUP_IRQHandler                      0x08000243   Thumb Code     0  startup_stm32f407xx.o(.text)
    SDIO_IRQHandler                          0x08000243   Thumb Code     0  startup_stm32f407xx.o(.text)
    SPI1_IRQHandler                          0x08000243   Thumb Code     0  startup_stm32f407xx.o(.text)
    SPI2_IRQHandler                          0x08000243   Thumb Code     0  startup_stm32f407xx.o(.text)
    SPI3_IRQHandler                          0x08000243   Thumb Code     0  startup_stm32f407xx.o(.text)
    TAMP_STAMP_IRQHandler                    0x08000243   Thumb Code     0  startup_stm32f407xx.o(.text)
    TIM1_BRK_TIM9_IRQHandler                 0x08000243   Thumb Code     0  startup_stm32f407xx.o(.text)
    TIM1_CC_IRQHandler                       0x08000243   Thumb Code     0  startup_stm32f407xx.o(.text)
    TIM1_TRG_COM_TIM11_IRQHandler            0x08000243   Thumb Code     0  startup_stm32f407xx.o(.text)
    TIM3_IRQHandler                          0x08000243   Thumb Code     0  startup_stm32f407xx.o(.text)
    TIM4_IRQHandler                          0x08000243   Thumb Code     0  startup_stm32f407xx.o(.text)
    TIM5_IRQHandler                          0x08000243   Thumb Code     0  startup_stm32f407xx.o(.text)
    TIM7_IRQHandler                          0x08000243   Thumb Code     0  startup_stm32f407xx.o(.text)
    TIM8_BRK_TIM12_IRQHandler                0x08000243   Thumb Code     0  startup_stm32f407xx.o(.text)
    TIM8_CC_IRQHandler                       0x08000243   Thumb Code     0  startup_stm32f407xx.o(.text)
    TIM8_TRG_COM_TIM14_IRQHandler            0x08000243   Thumb Code     0  startup_stm32f407xx.o(.text)
    TIM8_UP_TIM13_IRQHandler                 0x08000243   Thumb Code     0  startup_stm32f407xx.o(.text)
    UART4_IRQHandler                         0x08000243   Thumb Code     0  startup_stm32f407xx.o(.text)
    UART5_IRQHandler                         0x08000243   Thumb Code     0  startup_stm32f407xx.o(.text)
    USART1_IRQHandler                        0x08000243   Thumb Code     0  startup_stm32f407xx.o(.text)
    USART2_IRQHandler                        0x08000243   Thumb Code     0  startup_stm32f407xx.o(.text)
    USART3_IRQHandler                        0x08000243   Thumb Code     0  startup_stm32f407xx.o(.text)
    USART6_IRQHandler                        0x08000243   Thumb Code     0  startup_stm32f407xx.o(.text)
    WWDG_IRQHandler                          0x08000243   Thumb Code     0  startup_stm32f407xx.o(.text)
    __user_initial_stackheap                 0x08000245   Thumb Code     0  startup_stm32f407xx.o(.text)
    __aeabi_uldivmod                         0x08000269   Thumb Code     0  lludivv7m.o(.text)
    _ll_udiv                                 0x08000269   Thumb Code   238  lludivv7m.o(.text)
    __aeabi_memclr4                          0x08000357   Thumb Code     0  rt_memclr_w.o(.text)
    __aeabi_memclr8                          0x08000357   Thumb Code     0  rt_memclr_w.o(.text)
    __rt_memclr_w                            0x08000357   Thumb Code    78  rt_memclr_w.o(.text)
    _memset_w                                0x0800035b   Thumb Code     0  rt_memclr_w.o(.text)
    __use_two_region_memory                  0x080003a5   Thumb Code     2  heapauxi.o(.text)
    __rt_heap_escrow$2region                 0x080003a7   Thumb Code     2  heapauxi.o(.text)
    __rt_heap_expand$2region                 0x080003a9   Thumb Code     2  heapauxi.o(.text)
    __user_setup_stackheap                   0x080003ab   Thumb Code    74  sys_stackheap_outer.o(.text)
    exit                                     0x080003f5   Thumb Code    18  exit.o(.text)
    __user_libspace                          0x08000409   Thumb Code     8  libspace.o(.text)
    __user_perproc_libspace                  0x08000409   Thumb Code     0  libspace.o(.text)
    __user_perthread_libspace                0x08000409   Thumb Code     0  libspace.o(.text)
    _sys_exit                                0x08000411   Thumb Code     8  sys_exit.o(.text)
    __I$use$semihosting                      0x0800041d   Thumb Code     0  use_no_semi.o(.text)
    __use_no_semihosting_swi                 0x0800041d   Thumb Code     2  use_no_semi.o(.text)
    BusFault_Handler                         0x0800041f   Thumb Code     2  stm32f4xx_it.o(i.BusFault_Handler)
    __semihosting_library_function           0x0800041f   Thumb Code     0  indicate_semi.o(.text)
    DebugMon_Handler                         0x08000421   Thumb Code     2  stm32f4xx_it.o(i.DebugMon_Handler)
    Error_Handler                            0x08000423   Thumb Code     4  main.o(i.Error_Handler)
    GET_NUM                                  0x08000429   Thumb Code    16  main.o(i.GET_NUM)
    HAL_Delay                                0x08000441   Thumb Code    32  stm32f4xx_hal.o(i.HAL_Delay)
    HAL_GPIO_Init                            0x08000465   Thumb Code   450  stm32f4xx_hal_gpio.o(i.HAL_GPIO_Init)
    HAL_GPIO_WritePin                        0x08000655   Thumb Code    10  stm32f4xx_hal_gpio.o(i.HAL_GPIO_WritePin)
    HAL_GetTick                              0x08000661   Thumb Code     6  stm32f4xx_hal.o(i.HAL_GetTick)
    HAL_I2C_Init                             0x0800066d   Thumb Code   376  stm32f4xx_hal_i2c.o(i.HAL_I2C_Init)
    HAL_I2C_Master_Transmit                  0x080007f5   Thumb Code   290  stm32f4xx_hal_i2c.o(i.HAL_I2C_Master_Transmit)
    HAL_I2C_Mem_Write                        0x08000921   Thumb Code   294  stm32f4xx_hal_i2c.o(i.HAL_I2C_Mem_Write)
    HAL_I2C_MspInit                          0x08000a51   Thumb Code   120  i2c.o(i.HAL_I2C_MspInit)
    HAL_IncTick                              0x08000ad5   Thumb Code    12  stm32f4xx_hal.o(i.HAL_IncTick)
    HAL_Init                                 0x08000ae5   Thumb Code    48  stm32f4xx_hal.o(i.HAL_Init)
    HAL_InitTick                             0x08000b19   Thumb Code    54  stm32f4xx_hal.o(i.HAL_InitTick)
    HAL_MspInit                              0x08000b59   Thumb Code    42  stm32f4xx_hal_msp.o(i.HAL_MspInit)
    HAL_NVIC_EnableIRQ                       0x08000b89   Thumb Code    26  stm32f4xx_hal_cortex.o(i.HAL_NVIC_EnableIRQ)
    HAL_NVIC_SetPriority                     0x08000ba5   Thumb Code    60  stm32f4xx_hal_cortex.o(i.HAL_NVIC_SetPriority)
    HAL_NVIC_SetPriorityGrouping             0x08000be5   Thumb Code    26  stm32f4xx_hal_cortex.o(i.HAL_NVIC_SetPriorityGrouping)
    HAL_RCC_ClockConfig                      0x08000c09   Thumb Code   288  stm32f4xx_hal_rcc.o(i.HAL_RCC_ClockConfig)
    HAL_RCC_GetPCLK1Freq                     0x08000d3d   Thumb Code    20  stm32f4xx_hal_rcc.o(i.HAL_RCC_GetPCLK1Freq)
    HAL_RCC_GetPCLK2Freq                     0x08000d5d   Thumb Code    20  stm32f4xx_hal_rcc.o(i.HAL_RCC_GetPCLK2Freq)
    HAL_RCC_GetSysClockFreq                  0x08000d7d   Thumb Code    88  stm32f4xx_hal_rcc.o(i.HAL_RCC_GetSysClockFreq)
    HAL_RCC_OscConfig                        0x08000ddd   Thumb Code   856  stm32f4xx_hal_rcc.o(i.HAL_RCC_OscConfig)
    HAL_SYSTICK_Config                       0x08001149   Thumb Code    40  stm32f4xx_hal_cortex.o(i.HAL_SYSTICK_Config)
    HAL_TIMEx_BreakCallback                  0x08001171   Thumb Code     2  stm32f4xx_hal_tim_ex.o(i.HAL_TIMEx_BreakCallback)
    HAL_TIMEx_CommutCallback                 0x08001173   Thumb Code     2  stm32f4xx_hal_tim_ex.o(i.HAL_TIMEx_CommutCallback)
    HAL_TIMEx_ConfigBreakDeadTime            0x08001175   Thumb Code    84  stm32f4xx_hal_tim_ex.o(i.HAL_TIMEx_ConfigBreakDeadTime)
    HAL_TIMEx_MasterConfigSynchronization    0x080011c9   Thumb Code   116  stm32f4xx_hal_tim_ex.o(i.HAL_TIMEx_MasterConfigSynchronization)
    HAL_TIM_Base_Init                        0x08001259   Thumb Code    90  stm32f4xx_hal_tim.o(i.HAL_TIM_Base_Init)
    HAL_TIM_Base_MspInit                     0x080012b5   Thumb Code    90  tim.o(i.HAL_TIM_Base_MspInit)
    HAL_TIM_Base_Start_IT                    0x0800131d   Thumb Code   100  stm32f4xx_hal_tim.o(i.HAL_TIM_Base_Start_IT)
    HAL_TIM_ConfigClockSource                0x0800139d   Thumb Code   220  stm32f4xx_hal_tim.o(i.HAL_TIM_ConfigClockSource)
    HAL_TIM_Encoder_Init                     0x08001479   Thumb Code   164  stm32f4xx_hal_tim.o(i.HAL_TIM_Encoder_Init)
    HAL_TIM_Encoder_MspInit                  0x0800151d   Thumb Code   168  tim.o(i.HAL_TIM_Encoder_MspInit)
    HAL_TIM_Encoder_Start                    0x080015d5   Thumb Code   142  stm32f4xx_hal_tim.o(i.HAL_TIM_Encoder_Start)
    HAL_TIM_IC_CaptureCallback               0x08001663   Thumb Code     2  stm32f4xx_hal_tim.o(i.HAL_TIM_IC_CaptureCallback)
    HAL_TIM_IRQHandler                       0x08001665   Thumb Code   358  stm32f4xx_hal_tim.o(i.HAL_TIM_IRQHandler)
    HAL_TIM_MspPostInit                      0x080017cd   Thumb Code    72  tim.o(i.HAL_TIM_MspPostInit)
    HAL_TIM_OC_DelayElapsedCallback          0x08001821   Thumb Code     2  stm32f4xx_hal_tim.o(i.HAL_TIM_OC_DelayElapsedCallback)
    HAL_TIM_PWM_ConfigChannel                0x08001823   Thumb Code   204  stm32f4xx_hal_tim.o(i.HAL_TIM_PWM_ConfigChannel)
    HAL_TIM_PWM_Init                         0x080018ef   Thumb Code    90  stm32f4xx_hal_tim.o(i.HAL_TIM_PWM_Init)
    HAL_TIM_PWM_MspInit                      0x08001949   Thumb Code     2  stm32f4xx_hal_tim.o(i.HAL_TIM_PWM_MspInit)
    HAL_TIM_PWM_PulseFinishedCallback        0x0800194b   Thumb Code     2  stm32f4xx_hal_tim.o(i.HAL_TIM_PWM_PulseFinishedCallback)
    HAL_TIM_PWM_Start                        0x0800194d   Thumb Code   172  stm32f4xx_hal_tim.o(i.HAL_TIM_PWM_Start)
    HAL_TIM_PeriodElapsedCallback            0x08001a15   Thumb Code   110  main.o(i.HAL_TIM_PeriodElapsedCallback)
    HAL_TIM_TriggerCallback                  0x08001a99   Thumb Code     2  stm32f4xx_hal_tim.o(i.HAL_TIM_TriggerCallback)
    HAL_UART_Init                            0x08001a9b   Thumb Code    98  stm32f4xx_hal_uart.o(i.HAL_UART_Init)
    HAL_UART_MspInit                         0x08001afd   Thumb Code    94  usart.o(i.HAL_UART_MspInit)
    HardFault_Handler                        0x08001b69   Thumb Code     2  stm32f4xx_it.o(i.HardFault_Handler)
    I2C_WriteByte                            0x08001e75   Thumb Code    30  oled.o(i.I2C_WriteByte)
    MX_GPIO_Init                             0x08001e99   Thumb Code   208  gpio.o(i.MX_GPIO_Init)
    MX_I2C1_Init                             0x08001f75   Thumb Code    50  i2c.o(i.MX_I2C1_Init)
    MX_TIM1_Init                             0x08001fb5   Thumb Code   240  tim.o(i.MX_TIM1_Init)
    MX_TIM2_Init                             0x080020ad   Thumb Code   106  tim.o(i.MX_TIM2_Init)
    MX_TIM4_Init                             0x0800211d   Thumb Code    96  tim.o(i.MX_TIM4_Init)
    MX_TIM6_Init                             0x08002185   Thumb Code    60  tim.o(i.MX_TIM6_Init)
    MX_USART1_UART_Init                      0x080021c9   Thumb Code    48  usart.o(i.MX_USART1_UART_Init)
    MemManage_Handler                        0x08002201   Thumb Code     2  stm32f4xx_it.o(i.MemManage_Handler)
    Motor_Init                               0x08002205   Thumb Code    60  motor_1.o(i.Motor_Init)
    NMI_Handler                              0x0800224d   Thumb Code     2  stm32f4xx_it.o(i.NMI_Handler)
    OLED_Clear                               0x0800224f   Thumb Code     6  oled.o(i.OLED_Clear)
    OLED_Fill                                0x08002255   Thumb Code    56  oled.o(i.OLED_Fill)
    OLED_Init                                0x0800228d   Thumb Code   180  oled.o(i.OLED_Init)
    OLED_SetPos                              0x08002341   Thumb Code    38  oled.o(i.OLED_SetPos)
    OLED_ShowChar                            0x08002369   Thumb Code   126  oled.o(i.OLED_ShowChar)
    OLED_ShowStr                             0x080023f1   Thumb Code   208  oled.o(i.OLED_ShowStr)
    OLED_Showdecimal                         0x080024c9   Thumb Code   310  oled.o(i.OLED_Showdecimal)
    OLED_WR_DATA                             0x08002601   Thumb Code    32  oled.o(i.OLED_WR_DATA)
    PendSV_Handler                           0x08002625   Thumb Code     2  stm32f4xx_it.o(i.PendSV_Handler)
    SVC_Handler                              0x08002627   Thumb Code     2  stm32f4xx_it.o(i.SVC_Handler)
    SysTick_Handler                          0x08002629   Thumb Code     4  stm32f4xx_it.o(i.SysTick_Handler)
    SystemClock_Config                       0x0800262d   Thumb Code   138  main.o(i.SystemClock_Config)
    SystemInit                               0x080026c1   Thumb Code    12  system_stm32f4xx.o(i.SystemInit)
    TIM1_UP_TIM10_IRQHandler                 0x080026d1   Thumb Code     6  stm32f4xx_it.o(i.TIM1_UP_TIM10_IRQHandler)
    TIM2_IRQHandler                          0x080026dd   Thumb Code     6  stm32f4xx_it.o(i.TIM2_IRQHandler)
    TIM6_DAC_IRQHandler                      0x080026e9   Thumb Code     6  stm32f4xx_it.o(i.TIM6_DAC_IRQHandler)
    TIM_Base_SetConfig                       0x080026f5   Thumb Code   156  stm32f4xx_hal_tim.o(i.TIM_Base_SetConfig)
    TIM_CCxChannelCmd                        0x080027bd   Thumb Code    26  stm32f4xx_hal_tim.o(i.TIM_CCxChannelCmd)
    TIM_ETR_SetConfig                        0x080027d7   Thumb Code    20  stm32f4xx_hal_tim.o(i.TIM_ETR_SetConfig)
    TIM_OC2_SetConfig                        0x0800285d   Thumb Code    98  stm32f4xx_hal_tim.o(i.TIM_OC2_SetConfig)
    UsageFault_Handler                       0x08002ad5   Thumb Code     2  stm32f4xx_it.o(i.UsageFault_Handler)
    WriteCmd                                 0x08002ad7   Thumb Code     8  oled.o(i.WriteCmd)
    WriteData                                0x08002adf   Thumb Code     8  oled.o(i.WriteData)
    main                                     0x08002b09   Thumb Code   122  main.o(i.main)
    oled_pow                                 0x08002ba9   Thumb Code    16  oled.o(i.oled_pow)
    __aeabi_d2f                              0x08002bb9   Thumb Code     0  d2f.o(x$fpl$d2f)
    _d2f                                     0x08002bb9   Thumb Code    98  d2f.o(x$fpl$d2f)
    __aeabi_ddiv                             0x08002c1d   Thumb Code     0  ddiv.o(x$fpl$ddiv)
    _ddiv                                    0x08002c1d   Thumb Code   552  ddiv.o(x$fpl$ddiv)
    __fpl_dnaninf                            0x08002ecd   Thumb Code   156  dnaninf.o(x$fpl$dnaninf)
    __fpl_dretinf                            0x08002f69   Thumb Code    12  dretinf.o(x$fpl$dretinf)
    __aeabi_f2d                              0x08002f75   Thumb Code     0  f2d.o(x$fpl$f2d)
    _f2d                                     0x08002f75   Thumb Code    86  f2d.o(x$fpl$f2d)
    __fpl_fnaninf                            0x08002fcb   Thumb Code   140  fnaninf.o(x$fpl$fnaninf)
    _fp_init                                 0x08003057   Thumb Code    10  fpinit.o(x$fpl$fpinit)
    __fplib_config_fpu_vfp                   0x0800305f   Thumb Code     0  fpinit.o(x$fpl$fpinit)
    __fplib_config_pureend_doubles           0x0800305f   Thumb Code     0  fpinit.o(x$fpl$fpinit)
    __fpl_fretinf                            0x08003061   Thumb Code    10  fretinf.o(x$fpl$fretinf)
    F6x8                                     0x0800306a   Data         552  oled_font.o(.constdata)
    __I$use$fp                               0x0800306a   Number         0  usenofp.o(x$fpl$usenofp)
    F8X16                                    0x08003292   Data        1520  oled_font.o(.constdata)
    AHBPrescTable                            0x08003882   Data          16  system_stm32f4xx.o(.constdata)
    APBPrescTable                            0x08003892   Data           8  system_stm32f4xx.o(.constdata)
    Region$$Table$$Base                      0x0800389c   Number         0  anon$$obj.o(Region$$Table)
    Region$$Table$$Limit                     0x080038bc   Number         0  anon$$obj.o(Region$$Table)
    encoder_counter                          0x20000000   Data           2  main.o(.data)
    n                                        0x20000004   Data           4  main.o(.data)
    uwTickFreq                               0x20000008   Data           1  stm32f4xx_hal.o(.data)
    uwTickPrio                               0x2000000c   Data           4  stm32f4xx_hal.o(.data)
    uwTick                                   0x20000010   Data           4  stm32f4xx_hal.o(.data)
    SystemCoreClock                          0x20000014   Data           4  system_stm32f4xx.o(.data)
    hi2c1                                    0x20000018   Data          84  i2c.o(.bss)
    htim1                                    0x2000006c   Data          72  tim.o(.bss)
    htim2                                    0x200000b4   Data          72  tim.o(.bss)
    htim4                                    0x200000fc   Data          72  tim.o(.bss)
    htim6                                    0x20000144   Data          72  tim.o(.bss)
    huart1                                   0x2000018c   Data          68  usart.o(.bss)
    __libspace_start                         0x200001d0   Data          96  libspace.o(.bss)
    __temporary_stack_top$libspace           0x20000230   Data           0  libspace.o(.bss)



==============================================================================

Memory Map of the image

  Image Entry point : 0x08000189

  Load Region LR_IROM1 (Base: 0x08000000, Size: 0x000038d4, Max: 0x00100000, ABSOLUTE)

    Execution Region ER_IROM1 (Exec base: 0x08000000, Load base: 0x08000000, Size: 0x000038bc, Max: 0x00100000, ABSOLUTE)

    Exec Addr    Load Addr    Size         Type   Attr      Idx    E Section Name        Object

    0x08000000   0x08000000   0x00000188   Data   RO            3    RESET               startup_stm32f407xx.o
    0x08000188   0x08000188   0x00000008   Code   RO         3652  * !!!main             c_w.l(__main.o)
    0x08000190   0x08000190   0x00000034   Code   RO         3838    !!!scatter          c_w.l(__scatter.o)
    0x080001c4   0x080001c4   0x0000001a   Code   RO         3840    !!handler_copy      c_w.l(__scatter_copy.o)
    0x080001de   0x080001de   0x00000002   PAD
    0x080001e0   0x080001e0   0x0000001c   Code   RO         3842    !!handler_zi        c_w.l(__scatter_zi.o)
    0x080001fc   0x080001fc   0x00000002   Code   RO         3706    .ARM.Collect$$libinit$$00000000  c_w.l(libinit.o)
    0x080001fe   0x080001fe   0x00000004   Code   RO         3718    .ARM.Collect$$libinit$$00000001  c_w.l(libinit2.o)
    0x08000202   0x08000202   0x00000000   Code   RO         3721    .ARM.Collect$$libinit$$00000004  c_w.l(libinit2.o)
    0x08000202   0x08000202   0x00000000   Code   RO         3724    .ARM.Collect$$libinit$$0000000A  c_w.l(libinit2.o)
    0x08000202   0x08000202   0x00000000   Code   RO         3726    .ARM.Collect$$libinit$$0000000C  c_w.l(libinit2.o)
    0x08000202   0x08000202   0x00000000   Code   RO         3728    .ARM.Collect$$libinit$$0000000E  c_w.l(libinit2.o)
    0x08000202   0x08000202   0x00000000   Code   RO         3731    .ARM.Collect$$libinit$$00000011  c_w.l(libinit2.o)
    0x08000202   0x08000202   0x00000000   Code   RO         3733    .ARM.Collect$$libinit$$00000013  c_w.l(libinit2.o)
    0x08000202   0x08000202   0x00000000   Code   RO         3735    .ARM.Collect$$libinit$$00000015  c_w.l(libinit2.o)
    0x08000202   0x08000202   0x00000000   Code   RO         3737    .ARM.Collect$$libinit$$00000017  c_w.l(libinit2.o)
    0x08000202   0x08000202   0x00000000   Code   RO         3739    .ARM.Collect$$libinit$$00000019  c_w.l(libinit2.o)
    0x08000202   0x08000202   0x00000000   Code   RO         3741    .ARM.Collect$$libinit$$0000001B  c_w.l(libinit2.o)
    0x08000202   0x08000202   0x00000000   Code   RO         3743    .ARM.Collect$$libinit$$0000001D  c_w.l(libinit2.o)
    0x08000202   0x08000202   0x00000000   Code   RO         3745    .ARM.Collect$$libinit$$0000001F  c_w.l(libinit2.o)
    0x08000202   0x08000202   0x00000000   Code   RO         3747    .ARM.Collect$$libinit$$00000021  c_w.l(libinit2.o)
    0x08000202   0x08000202   0x00000000   Code   RO         3749    .ARM.Collect$$libinit$$00000023  c_w.l(libinit2.o)
    0x08000202   0x08000202   0x00000000   Code   RO         3751    .ARM.Collect$$libinit$$00000025  c_w.l(libinit2.o)
    0x08000202   0x08000202   0x00000000   Code   RO         3755    .ARM.Collect$$libinit$$0000002C  c_w.l(libinit2.o)
    0x08000202   0x08000202   0x00000000   Code   RO         3757    .ARM.Collect$$libinit$$0000002E  c_w.l(libinit2.o)
    0x08000202   0x08000202   0x00000000   Code   RO         3759    .ARM.Collect$$libinit$$00000030  c_w.l(libinit2.o)
    0x08000202   0x08000202   0x00000000   Code   RO         3761    .ARM.Collect$$libinit$$00000032  c_w.l(libinit2.o)
    0x08000202   0x08000202   0x00000002   Code   RO         3762    .ARM.Collect$$libinit$$00000033  c_w.l(libinit2.o)
    0x08000204   0x08000204   0x00000002   Code   RO         3793    .ARM.Collect$$libshutdown$$00000000  c_w.l(libshutdown.o)
    0x08000206   0x08000206   0x00000000   Code   RO         3819    .ARM.Collect$$libshutdown$$00000002  c_w.l(libshutdown2.o)
    0x08000206   0x08000206   0x00000000   Code   RO         3821    .ARM.Collect$$libshutdown$$00000004  c_w.l(libshutdown2.o)
    0x08000206   0x08000206   0x00000000   Code   RO         3823    .ARM.Collect$$libshutdown$$00000006  c_w.l(libshutdown2.o)
    0x08000206   0x08000206   0x00000000   Code   RO         3826    .ARM.Collect$$libshutdown$$00000009  c_w.l(libshutdown2.o)
    0x08000206   0x08000206   0x00000000   Code   RO         3829    .ARM.Collect$$libshutdown$$0000000C  c_w.l(libshutdown2.o)
    0x08000206   0x08000206   0x00000000   Code   RO         3831    .ARM.Collect$$libshutdown$$0000000E  c_w.l(libshutdown2.o)
    0x08000206   0x08000206   0x00000000   Code   RO         3834    .ARM.Collect$$libshutdown$$00000011  c_w.l(libshutdown2.o)
    0x08000206   0x08000206   0x00000002   Code   RO         3835    .ARM.Collect$$libshutdown$$00000012  c_w.l(libshutdown2.o)
    0x08000208   0x08000208   0x00000000   Code   RO         3662    .ARM.Collect$$rtentry$$00000000  c_w.l(__rtentry.o)
    0x08000208   0x08000208   0x00000000   Code   RO         3677    .ARM.Collect$$rtentry$$00000002  c_w.l(__rtentry2.o)
    0x08000208   0x08000208   0x00000006   Code   RO         3689    .ARM.Collect$$rtentry$$00000004  c_w.l(__rtentry4.o)
    0x0800020e   0x0800020e   0x00000000   Code   RO         3679    .ARM.Collect$$rtentry$$00000009  c_w.l(__rtentry2.o)
    0x0800020e   0x0800020e   0x00000004   Code   RO         3680    .ARM.Collect$$rtentry$$0000000A  c_w.l(__rtentry2.o)
    0x08000212   0x08000212   0x00000000   Code   RO         3682    .ARM.Collect$$rtentry$$0000000C  c_w.l(__rtentry2.o)
    0x08000212   0x08000212   0x00000008   Code   RO         3683    .ARM.Collect$$rtentry$$0000000D  c_w.l(__rtentry2.o)
    0x0800021a   0x0800021a   0x00000002   Code   RO         3710    .ARM.Collect$$rtexit$$00000000  c_w.l(rtexit.o)
    0x0800021c   0x0800021c   0x00000000   Code   RO         3766    .ARM.Collect$$rtexit$$00000002  c_w.l(rtexit2.o)
    0x0800021c   0x0800021c   0x00000004   Code   RO         3767    .ARM.Collect$$rtexit$$00000003  c_w.l(rtexit2.o)
    0x08000220   0x08000220   0x00000006   Code   RO         3768    .ARM.Collect$$rtexit$$00000004  c_w.l(rtexit2.o)
    0x08000226   0x08000226   0x00000002   PAD
    0x08000228   0x08000228   0x00000040   Code   RO            4    .text               startup_stm32f407xx.o
    0x08000268   0x08000268   0x000000ee   Code   RO         3646    .text               c_w.l(lludivv7m.o)
    0x08000356   0x08000356   0x0000004e   Code   RO         3648    .text               c_w.l(rt_memclr_w.o)
    0x080003a4   0x080003a4   0x00000006   Code   RO         3650    .text               c_w.l(heapauxi.o)
    0x080003aa   0x080003aa   0x0000004a   Code   RO         3693    .text               c_w.l(sys_stackheap_outer.o)
    0x080003f4   0x080003f4   0x00000012   Code   RO         3695    .text               c_w.l(exit.o)
    0x08000406   0x08000406   0x00000002   PAD
    0x08000408   0x08000408   0x00000008   Code   RO         3707    .text               c_w.l(libspace.o)
    0x08000410   0x08000410   0x0000000c   Code   RO         3763    .text               c_w.l(sys_exit.o)
    0x0800041c   0x0800041c   0x00000002   Code   RO         3782    .text               c_w.l(use_no_semi.o)
    0x0800041e   0x0800041e   0x00000000   Code   RO         3784    .text               c_w.l(indicate_semi.o)
    0x0800041e   0x0800041e   0x00000002   Code   RO          579    i.BusFault_Handler  stm32f4xx_it.o
    0x08000420   0x08000420   0x00000002   Code   RO          580    i.DebugMon_Handler  stm32f4xx_it.o
    0x08000422   0x08000422   0x00000004   Code   RO          325    i.Error_Handler     main.o
    0x08000426   0x08000426   0x00000002   PAD
    0x08000428   0x08000428   0x00000018   Code   RO          326    i.GET_NUM           main.o
    0x08000440   0x08000440   0x00000024   Code   RO         2028    i.HAL_Delay         stm32f4xx_hal.o
    0x08000464   0x08000464   0x000001f0   Code   RO         1502    i.HAL_GPIO_Init     stm32f4xx_hal_gpio.o
    0x08000654   0x08000654   0x0000000a   Code   RO         1506    i.HAL_GPIO_WritePin  stm32f4xx_hal_gpio.o
    0x0800065e   0x0800065e   0x00000002   PAD
    0x08000660   0x08000660   0x0000000c   Code   RO         2034    i.HAL_GetTick       stm32f4xx_hal.o
    0x0800066c   0x0800066c   0x00000188   Code   RO          708    i.HAL_I2C_Init      stm32f4xx_hal_i2c.o
    0x080007f4   0x080007f4   0x0000012c   Code   RO          721    i.HAL_I2C_Master_Transmit  stm32f4xx_hal_i2c.o
    0x08000920   0x08000920   0x00000130   Code   RO          729    i.HAL_I2C_Mem_Write  stm32f4xx_hal_i2c.o
    0x08000a50   0x08000a50   0x00000084   Code   RO          418    i.HAL_I2C_MspInit   i2c.o
    0x08000ad4   0x08000ad4   0x00000010   Code   RO         2040    i.HAL_IncTick       stm32f4xx_hal.o
    0x08000ae4   0x08000ae4   0x00000034   Code   RO         2041    i.HAL_Init          stm32f4xx_hal.o
    0x08000b18   0x08000b18   0x00000040   Code   RO         2042    i.HAL_InitTick      stm32f4xx_hal.o
    0x08000b58   0x08000b58   0x00000030   Code   RO          673    i.HAL_MspInit       stm32f4xx_hal_msp.o
    0x08000b88   0x08000b88   0x0000001a   Code   RO         1891    i.HAL_NVIC_EnableIRQ  stm32f4xx_hal_cortex.o
    0x08000ba2   0x08000ba2   0x00000002   PAD
    0x08000ba4   0x08000ba4   0x00000040   Code   RO         1897    i.HAL_NVIC_SetPriority  stm32f4xx_hal_cortex.o
    0x08000be4   0x08000be4   0x00000024   Code   RO         1898    i.HAL_NVIC_SetPriorityGrouping  stm32f4xx_hal_cortex.o
    0x08000c08   0x08000c08   0x00000134   Code   RO         1148    i.HAL_RCC_ClockConfig  stm32f4xx_hal_rcc.o
    0x08000d3c   0x08000d3c   0x00000020   Code   RO         1155    i.HAL_RCC_GetPCLK1Freq  stm32f4xx_hal_rcc.o
    0x08000d5c   0x08000d5c   0x00000020   Code   RO         1156    i.HAL_RCC_GetPCLK2Freq  stm32f4xx_hal_rcc.o
    0x08000d7c   0x08000d7c   0x00000060   Code   RO         1157    i.HAL_RCC_GetSysClockFreq  stm32f4xx_hal_rcc.o
    0x08000ddc   0x08000ddc   0x0000036c   Code   RO         1160    i.HAL_RCC_OscConfig  stm32f4xx_hal_rcc.o
    0x08001148   0x08001148   0x00000028   Code   RO         1902    i.HAL_SYSTICK_Config  stm32f4xx_hal_cortex.o
    0x08001170   0x08001170   0x00000002   Code   RO         2985    i.HAL_TIMEx_BreakCallback  stm32f4xx_hal_tim_ex.o
    0x08001172   0x08001172   0x00000002   Code   RO         2986    i.HAL_TIMEx_CommutCallback  stm32f4xx_hal_tim_ex.o
    0x08001174   0x08001174   0x00000054   Code   RO         2988    i.HAL_TIMEx_ConfigBreakDeadTime  stm32f4xx_hal_tim_ex.o
    0x080011c8   0x080011c8   0x00000090   Code   RO         3004    i.HAL_TIMEx_MasterConfigSynchronization  stm32f4xx_hal_tim_ex.o
    0x08001258   0x08001258   0x0000005a   Code   RO         2281    i.HAL_TIM_Base_Init  stm32f4xx_hal_tim.o
    0x080012b2   0x080012b2   0x00000002   PAD
    0x080012b4   0x080012b4   0x00000068   Code   RO          460    i.HAL_TIM_Base_MspInit  tim.o
    0x0800131c   0x0800131c   0x00000080   Code   RO         2286    i.HAL_TIM_Base_Start_IT  stm32f4xx_hal_tim.o
    0x0800139c   0x0800139c   0x000000dc   Code   RO         2290    i.HAL_TIM_ConfigClockSource  stm32f4xx_hal_tim.o
    0x08001478   0x08001478   0x000000a4   Code   RO         2302    i.HAL_TIM_Encoder_Init  stm32f4xx_hal_tim.o
    0x0800151c   0x0800151c   0x000000b8   Code   RO          462    i.HAL_TIM_Encoder_MspInit  tim.o
    0x080015d4   0x080015d4   0x0000008e   Code   RO         2305    i.HAL_TIM_Encoder_Start  stm32f4xx_hal_tim.o
    0x08001662   0x08001662   0x00000002   Code   RO         2315    i.HAL_TIM_IC_CaptureCallback  stm32f4xx_hal_tim.o
    0x08001664   0x08001664   0x00000166   Code   RO         2329    i.HAL_TIM_IRQHandler  stm32f4xx_hal_tim.o
    0x080017ca   0x080017ca   0x00000002   PAD
    0x080017cc   0x080017cc   0x00000054   Code   RO          463    i.HAL_TIM_MspPostInit  tim.o
    0x08001820   0x08001820   0x00000002   Code   RO         2332    i.HAL_TIM_OC_DelayElapsedCallback  stm32f4xx_hal_tim.o
    0x08001822   0x08001822   0x000000cc   Code   RO         2353    i.HAL_TIM_PWM_ConfigChannel  stm32f4xx_hal_tim.o
    0x080018ee   0x080018ee   0x0000005a   Code   RO         2356    i.HAL_TIM_PWM_Init  stm32f4xx_hal_tim.o
    0x08001948   0x08001948   0x00000002   Code   RO         2358    i.HAL_TIM_PWM_MspInit  stm32f4xx_hal_tim.o
    0x0800194a   0x0800194a   0x00000002   Code   RO         2359    i.HAL_TIM_PWM_PulseFinishedCallback  stm32f4xx_hal_tim.o
    0x0800194c   0x0800194c   0x000000c8   Code   RO         2361    i.HAL_TIM_PWM_Start  stm32f4xx_hal_tim.o
    0x08001a14   0x08001a14   0x00000084   Code   RO          327    i.HAL_TIM_PeriodElapsedCallback  main.o
    0x08001a98   0x08001a98   0x00000002   Code   RO         2372    i.HAL_TIM_TriggerCallback  stm32f4xx_hal_tim.o
    0x08001a9a   0x08001a9a   0x00000062   Code   RO         3281    i.HAL_UART_Init     stm32f4xx_hal_uart.o
    0x08001afc   0x08001afc   0x0000006c   Code   RO          538    i.HAL_UART_MspInit  usart.o
    0x08001b68   0x08001b68   0x00000002   Code   RO          581    i.HardFault_Handler  stm32f4xx_it.o
    0x08001b6a   0x08001b6a   0x0000002e   Code   RO          750    i.I2C_IsAcknowledgeFailed  stm32f4xx_hal_i2c.o
    0x08001b98   0x08001b98   0x0000009c   Code   RO          754    i.I2C_MasterRequestWrite  stm32f4xx_hal_i2c.o
    0x08001c34   0x08001c34   0x000000a8   Code   RO          761    i.I2C_RequestMemoryWrite  stm32f4xx_hal_i2c.o
    0x08001cdc   0x08001cdc   0x0000004c   Code   RO          765    i.I2C_WaitOnBTFFlagUntilTimeout  stm32f4xx_hal_i2c.o
    0x08001d28   0x08001d28   0x00000068   Code   RO          766    i.I2C_WaitOnFlagUntilTimeout  stm32f4xx_hal_i2c.o
    0x08001d90   0x08001d90   0x00000096   Code   RO          767    i.I2C_WaitOnMasterAddressFlagUntilTimeout  stm32f4xx_hal_i2c.o
    0x08001e26   0x08001e26   0x0000004c   Code   RO          769    i.I2C_WaitOnTXEFlagUntilTimeout  stm32f4xx_hal_i2c.o
    0x08001e72   0x08001e72   0x00000002   PAD
    0x08001e74   0x08001e74   0x00000024   Code   RO          144    i.I2C_WriteByte     oled.o
    0x08001e98   0x08001e98   0x000000dc   Code   RO          393    i.MX_GPIO_Init      gpio.o
    0x08001f74   0x08001f74   0x00000040   Code   RO          419    i.MX_I2C1_Init      i2c.o
    0x08001fb4   0x08001fb4   0x000000f8   Code   RO          464    i.MX_TIM1_Init      tim.o
    0x080020ac   0x080020ac   0x00000070   Code   RO          465    i.MX_TIM2_Init      tim.o
    0x0800211c   0x0800211c   0x00000068   Code   RO          466    i.MX_TIM4_Init      tim.o
    0x08002184   0x08002184   0x00000044   Code   RO          467    i.MX_TIM6_Init      tim.o
    0x080021c8   0x080021c8   0x00000038   Code   RO          539    i.MX_USART1_UART_Init  usart.o
    0x08002200   0x08002200   0x00000002   Code   RO          582    i.MemManage_Handler  stm32f4xx_it.o
    0x08002202   0x08002202   0x00000002   PAD
    0x08002204   0x08002204   0x00000048   Code   RO          297    i.Motor_Init        motor_1.o
    0x0800224c   0x0800224c   0x00000002   Code   RO          583    i.NMI_Handler       stm32f4xx_it.o
    0x0800224e   0x0800224e   0x00000006   Code   RO          145    i.OLED_Clear        oled.o
    0x08002254   0x08002254   0x00000038   Code   RO          147    i.OLED_Fill         oled.o
    0x0800228c   0x0800228c   0x000000b4   Code   RO          148    i.OLED_Init         oled.o
    0x08002340   0x08002340   0x00000026   Code   RO          151    i.OLED_SetPos       oled.o
    0x08002366   0x08002366   0x00000002   PAD
    0x08002368   0x08002368   0x00000088   Code   RO          154    i.OLED_ShowChar     oled.o
    0x080023f0   0x080023f0   0x000000d8   Code   RO          155    i.OLED_ShowStr      oled.o
    0x080024c8   0x080024c8   0x00000136   Code   RO          156    i.OLED_Showdecimal  oled.o
    0x080025fe   0x080025fe   0x00000002   PAD
    0x08002600   0x08002600   0x00000024   Code   RO          157    i.OLED_WR_DATA      oled.o
    0x08002624   0x08002624   0x00000002   Code   RO          584    i.PendSV_Handler    stm32f4xx_it.o
    0x08002626   0x08002626   0x00000002   Code   RO          585    i.SVC_Handler       stm32f4xx_it.o
    0x08002628   0x08002628   0x00000004   Code   RO          586    i.SysTick_Handler   stm32f4xx_it.o
    0x0800262c   0x0800262c   0x00000094   Code   RO          328    i.SystemClock_Config  main.o
    0x080026c0   0x080026c0   0x00000010   Code   RO         3610    i.SystemInit        system_stm32f4xx.o
    0x080026d0   0x080026d0   0x0000000c   Code   RO          587    i.TIM1_UP_TIM10_IRQHandler  stm32f4xx_it.o
    0x080026dc   0x080026dc   0x0000000c   Code   RO          588    i.TIM2_IRQHandler   stm32f4xx_it.o
    0x080026e8   0x080026e8   0x0000000c   Code   RO          589    i.TIM6_DAC_IRQHandler  stm32f4xx_it.o
    0x080026f4   0x080026f4   0x000000c8   Code   RO         2374    i.TIM_Base_SetConfig  stm32f4xx_hal_tim.o
    0x080027bc   0x080027bc   0x0000001a   Code   RO         2375    i.TIM_CCxChannelCmd  stm32f4xx_hal_tim.o
    0x080027d6   0x080027d6   0x00000014   Code   RO         2385    i.TIM_ETR_SetConfig  stm32f4xx_hal_tim.o
    0x080027ea   0x080027ea   0x00000010   Code   RO         2386    i.TIM_ITRx_SetConfig  stm32f4xx_hal_tim.o
    0x080027fa   0x080027fa   0x00000002   PAD
    0x080027fc   0x080027fc   0x00000060   Code   RO         2387    i.TIM_OC1_SetConfig  stm32f4xx_hal_tim.o
    0x0800285c   0x0800285c   0x0000006c   Code   RO         2388    i.TIM_OC2_SetConfig  stm32f4xx_hal_tim.o
    0x080028c8   0x080028c8   0x00000068   Code   RO         2389    i.TIM_OC3_SetConfig  stm32f4xx_hal_tim.o
    0x08002930   0x08002930   0x00000050   Code   RO         2390    i.TIM_OC4_SetConfig  stm32f4xx_hal_tim.o
    0x08002980   0x08002980   0x00000022   Code   RO         2392    i.TIM_TI1_ConfigInputStage  stm32f4xx_hal_tim.o
    0x080029a2   0x080029a2   0x00000024   Code   RO         2394    i.TIM_TI2_ConfigInputStage  stm32f4xx_hal_tim.o
    0x080029c6   0x080029c6   0x00000002   PAD
    0x080029c8   0x080029c8   0x0000010c   Code   RO         3307    i.UART_SetConfig    stm32f4xx_hal_uart.o
    0x08002ad4   0x08002ad4   0x00000002   Code   RO          590    i.UsageFault_Handler  stm32f4xx_it.o
    0x08002ad6   0x08002ad6   0x00000008   Code   RO          159    i.WriteCmd          oled.o
    0x08002ade   0x08002ade   0x00000008   Code   RO          160    i.WriteData         oled.o
    0x08002ae6   0x08002ae6   0x00000020   Code   RO         1904    i.__NVIC_SetPriority  stm32f4xx_hal_cortex.o
    0x08002b06   0x08002b06   0x00000002   PAD
    0x08002b08   0x08002b08   0x000000a0   Code   RO          329    i.main              main.o
    0x08002ba8   0x08002ba8   0x00000010   Code   RO          161    i.oled_pow          oled.o
    0x08002bb8   0x08002bb8   0x00000062   Code   RO         3654    x$fpl$d2f           fz_wm.l(d2f.o)
    0x08002c1a   0x08002c1a   0x00000002   PAD
    0x08002c1c   0x08002c1c   0x000002b0   Code   RO         3657    x$fpl$ddiv          fz_wm.l(ddiv.o)
    0x08002ecc   0x08002ecc   0x0000009c   Code   RO         3667    x$fpl$dnaninf       fz_wm.l(dnaninf.o)
    0x08002f68   0x08002f68   0x0000000c   Code   RO         3669    x$fpl$dretinf       fz_wm.l(dretinf.o)
    0x08002f74   0x08002f74   0x00000056   Code   RO         3660    x$fpl$f2d           fz_wm.l(f2d.o)
    0x08002fca   0x08002fca   0x0000008c   Code   RO         3671    x$fpl$fnaninf       fz_wm.l(fnaninf.o)
    0x08003056   0x08003056   0x0000000a   Code   RO         3778    x$fpl$fpinit        fz_wm.l(fpinit.o)
    0x08003060   0x08003060   0x0000000a   Code   RO         3673    x$fpl$fretinf       fz_wm.l(fretinf.o)
    0x0800306a   0x0800306a   0x00000000   Code   RO         3675    x$fpl$usenofp       fz_wm.l(usenofp.o)
    0x0800306a   0x0800306a   0x00000228   Data   RO           13    .constdata          oled_font.o
    0x08003292   0x08003292   0x000005f0   Data   RO           14    .constdata          oled_font.o
    0x08003882   0x08003882   0x00000010   Data   RO         3611    .constdata          system_stm32f4xx.o
    0x08003892   0x08003892   0x00000008   Data   RO         3612    .constdata          system_stm32f4xx.o
    0x0800389a   0x0800389a   0x00000002   PAD
    0x0800389c   0x0800389c   0x00000020   Data   RO         3836    Region$$Table       anon$$obj.o


    Execution Region RW_IRAM1 (Exec base: 0x20000000, Load base: 0x080038bc, Size: 0x00000830, Max: 0x0001c000, ABSOLUTE)

    Exec Addr    Load Addr    Size         Type   Attr      Idx    E Section Name        Object

    0x20000000   0x080038bc   0x00000008   Data   RW          330    .data               main.o
    0x20000008   0x080038c4   0x0000000c   Data   RW         2048    .data               stm32f4xx_hal.o
    0x20000014   0x080038d0   0x00000004   Data   RW         3613    .data               system_stm32f4xx.o
    0x20000018        -       0x00000054   Zero   RW          420    .bss                i2c.o
    0x2000006c        -       0x00000120   Zero   RW          468    .bss                tim.o
    0x2000018c        -       0x00000044   Zero   RW          540    .bss                usart.o
    0x200001d0        -       0x00000060   Zero   RW         3708    .bss                c_w.l(libspace.o)
    0x20000230        -       0x00000200   Zero   RW            2    HEAP                startup_stm32f407xx.o
    0x20000430        -       0x00000400   Zero   RW            1    STACK               startup_stm32f407xx.o


    Execution Region RW_IRAM2 (Exec base: 0x2001c000, Load base: 0x080038d4, Size: 0x00000000, Max: 0x00004000, ABSOLUTE)

    **** No section assigned to this execution region ****


==============================================================================

Image component sizes


      Code (inc. data)   RO Data    RW Data    ZI Data      Debug   Object Name

       220         12          0          0          0       1055   gpio.o
       196         26          0          0         84       1645   i2c.o
       468         78          0          8          0       3344   main.o
        72         12          0          0          0        457   motor_1.o
      1046         28          0          0          0       8012   oled.o
         0          0       2072          0          0     698473   oled_font.o
        64         26        392          0       1536        828   startup_stm32f407xx.o
       180         28          0         12          0       9293   stm32f4xx_hal.o
       198         14          0          0          0      33863   stm32f4xx_hal_cortex.o
       506         46          0          0          0       2152   stm32f4xx_hal_gpio.o
      1772         48          0          0          0      11321   stm32f4xx_hal_i2c.o
        48          6          0          0          0        826   stm32f4xx_hal_msp.o
      1344         72          0          0          0       5156   stm32f4xx_hal_rcc.o
      2326        136          0          0          0      18537   stm32f4xx_hal_tim.o
       232         28          0          0          0       3209   stm32f4xx_hal_tim_ex.o
       366         10          0          0          0       1988   stm32f4xx_hal_uart.o
        56         18          0          0          0       5421   stm32f4xx_it.o
        16          4         24          4          0       1087   system_stm32f4xx.o
       904         72          0          0        288       5145   tim.o
       164         22          0          0         68       1662   usart.o

    ----------------------------------------------------------------------
     10202        686       2522         24       1976     813474   Object Totals
         0          0         32          0          0          0   (incl. Generated)
        24          0          2          0          0          0   (incl. Padding)

    ----------------------------------------------------------------------

      Code (inc. data)   RO Data    RW Data    ZI Data      Debug   Library Member Name

         8          0          0          0          0         68   __main.o
         0          0          0          0          0          0   __rtentry.o
        12          0          0          0          0          0   __rtentry2.o
         6          0          0          0          0          0   __rtentry4.o
        52          8          0          0          0          0   __scatter.o
        26          0          0          0          0          0   __scatter_copy.o
        28          0          0          0          0          0   __scatter_zi.o
        18          0          0          0          0         80   exit.o
         6          0          0          0          0        152   heapauxi.o
         0          0          0          0          0          0   indicate_semi.o
         2          0          0          0          0          0   libinit.o
         6          0          0          0          0          0   libinit2.o
         2          0          0          0          0          0   libshutdown.o
         2          0          0          0          0          0   libshutdown2.o
         8          4          0          0         96         68   libspace.o
       238          0          0          0          0        100   lludivv7m.o
        78          0          0          0          0         80   rt_memclr_w.o
         2          0          0          0          0          0   rtexit.o
        10          0          0          0          0          0   rtexit2.o
        12          4          0          0          0         68   sys_exit.o
        74          0          0          0          0         80   sys_stackheap_outer.o
         2          0          0          0          0         68   use_no_semi.o
        98          4          0          0          0        140   d2f.o
       688        140          0          0          0        256   ddiv.o
       156          4          0          0          0        140   dnaninf.o
        12          0          0          0          0        116   dretinf.o
        86          4          0          0          0        132   f2d.o
       140          4          0          0          0        132   fnaninf.o
        10          0          0          0          0        116   fpinit.o
        10          0          0          0          0        116   fretinf.o
         0          0          0          0          0          0   usenofp.o

    ----------------------------------------------------------------------
      1800        172          0          0         96       1912   Library Totals
         8          0          0          0          0          0   (incl. Padding)

    ----------------------------------------------------------------------

      Code (inc. data)   RO Data    RW Data    ZI Data      Debug   Library Name

       592         16          0          0         96        764   c_w.l
      1200        156          0          0          0       1148   fz_wm.l

    ----------------------------------------------------------------------
      1800        172          0          0         96       1912   Library Totals

    ----------------------------------------------------------------------

==============================================================================


      Code (inc. data)   RO Data    RW Data    ZI Data      Debug   

     12002        858       2522         24       2072     805026   Grand Totals
     12002        858       2522         24       2072     805026   ELF Image Totals
     12002        858       2522         24          0          0   ROM Totals

==============================================================================

    Total RO  Size (Code + RO Data)                14524 (  14.18kB)
    Total RW  Size (RW Data + ZI Data)              2096 (   2.05kB)
    Total ROM Size (Code + RO Data + RW Data)      14548 (  14.21kB)

==============================================================================

